<html>
<body>
<pre>
<h1>µVision Build Log</h1>
<h2>Project:</h2>
E:\code\stm32f1\IMU1\Project\Pro\IMU1.uvproj
Project File Date:  01/02/2012

<h2>Output:</h2>
Build target 'IMU1'
assembling startup_stm32f10x_md.s...
compiling core_cm3.c...
compiling system_stm32f10x.c...
..\..\Libraries\CMSIS\CM3\DeviceSupport\ST\STM32F10x\stm32f10x.h(64): warning:  #47-D: incompatible redefinition of macro "USE_STDPERIPH_DRIVER"
..\..\Libraries\CMSIS\CM3\DeviceSupport\ST\STM32F10x\stm32f10x.h(65): warning:  #47-D: incompatible redefinition of macro "STM32F10X_MD"
compiling misc.c...
..\..\Libraries\CMSIS\CM3\DeviceSupport\ST\STM32F10x\stm32f10x.h(64): warning:  #47-D: incompatible redefinition of macro "USE_STDPERIPH_DRIVER"
..\..\Libraries\CMSIS\CM3\DeviceSupport\ST\STM32F10x\stm32f10x.h(65): warning:  #47-D: incompatible redefinition of macro "STM32F10X_MD"
compiling stm32f10x_adc.c...
..\..\Libraries\CMSIS\CM3\DeviceSupport\ST\STM32F10x\stm32f10x.h(64): warning:  #47-D: incompatible redefinition of macro "USE_STDPERIPH_DRIVER"
..\..\Libraries\CMSIS\CM3\DeviceSupport\ST\STM32F10x\stm32f10x.h(65): warning:  #47-D: incompatible redefinition of macro "STM32F10X_MD"
compiling stm32f10x_cec.c...
..\..\Libraries\CMSIS\CM3\DeviceSupport\ST\STM32F10x\stm32f10x.h(64): warning:  #47-D: incompatible redefinition of macro "USE_STDPERIPH_DRIVER"
..\..\Libraries\CMSIS\CM3\DeviceSupport\ST\STM32F10x\stm32f10x.h(65): warning:  #47-D: incompatible redefinition of macro "STM32F10X_MD"
compiling stm32f10x_dbgmcu.c...
..\..\Libraries\CMSIS\CM3\DeviceSupport\ST\STM32F10x\stm32f10x.h(64): warning:  #47-D: incompatible redefinition of macro "USE_STDPERIPH_DRIVER"
..\..\Libraries\CMSIS\CM3\DeviceSupport\ST\STM32F10x\stm32f10x.h(65): warning:  #47-D: incompatible redefinition of macro "STM32F10X_MD"
compiling stm32f10x_dma.c...
..\..\Libraries\CMSIS\CM3\DeviceSupport\ST\STM32F10x\stm32f10x.h(64): warning:  #47-D: incompatible redefinition of macro "USE_STDPERIPH_DRIVER"
..\..\Libraries\CMSIS\CM3\DeviceSupport\ST\STM32F10x\stm32f10x.h(65): warning:  #47-D: incompatible redefinition of macro "STM32F10X_MD"
compiling stm32f10x_exti.c...
..\..\Libraries\CMSIS\CM3\DeviceSupport\ST\STM32F10x\stm32f10x.h(64): warning:  #47-D: incompatible redefinition of macro "USE_STDPERIPH_DRIVER"
..\..\Libraries\CMSIS\CM3\DeviceSupport\ST\STM32F10x\stm32f10x.h(65): warning:  #47-D: incompatible redefinition of macro "STM32F10X_MD"
compiling stm32f10x_flash.c...
..\..\Libraries\CMSIS\CM3\DeviceSupport\ST\STM32F10x\stm32f10x.h(64): warning:  #47-D: incompatible redefinition of macro "USE_STDPERIPH_DRIVER"
..\..\Libraries\CMSIS\CM3\DeviceSupport\ST\STM32F10x\stm32f10x.h(65): warning:  #47-D: incompatible redefinition of macro "STM32F10X_MD"
compiling stm32f10x_gpio.c...
..\..\Libraries\CMSIS\CM3\DeviceSupport\ST\STM32F10x\stm32f10x.h(64): warning:  #47-D: incompatible redefinition of macro "USE_STDPERIPH_DRIVER"
..\..\Libraries\CMSIS\CM3\DeviceSupport\ST\STM32F10x\stm32f10x.h(65): warning:  #47-D: incompatible redefinition of macro "STM32F10X_MD"
compiling stm32f10x_i2c.c...
..\..\Libraries\CMSIS\CM3\DeviceSupport\ST\STM32F10x\stm32f10x.h(64): warning:  #47-D: incompatible redefinition of macro "USE_STDPERIPH_DRIVER"
..\..\Libraries\CMSIS\CM3\DeviceSupport\ST\STM32F10x\stm32f10x.h(65): warning:  #47-D: incompatible redefinition of macro "STM32F10X_MD"
compiling stm32f10x_pwr.c...
..\..\Libraries\CMSIS\CM3\DeviceSupport\ST\STM32F10x\stm32f10x.h(64): warning:  #47-D: incompatible redefinition of macro "USE_STDPERIPH_DRIVER"
..\..\Libraries\CMSIS\CM3\DeviceSupport\ST\STM32F10x\stm32f10x.h(65): warning:  #47-D: incompatible redefinition of macro "STM32F10X_MD"
compiling stm32f10x_rcc.c...
..\..\Libraries\CMSIS\CM3\DeviceSupport\ST\STM32F10x\stm32f10x.h(64): warning:  #47-D: incompatible redefinition of macro "USE_STDPERIPH_DRIVER"
..\..\Libraries\CMSIS\CM3\DeviceSupport\ST\STM32F10x\stm32f10x.h(65): warning:  #47-D: incompatible redefinition of macro "STM32F10X_MD"
compiling stm32f10x_spi.c...
..\..\Libraries\CMSIS\CM3\DeviceSupport\ST\STM32F10x\stm32f10x.h(64): warning:  #47-D: incompatible redefinition of macro "USE_STDPERIPH_DRIVER"
..\..\Libraries\CMSIS\CM3\DeviceSupport\ST\STM32F10x\stm32f10x.h(65): warning:  #47-D: incompatible redefinition of macro "STM32F10X_MD"
compiling stm32f10x_tim.c...
..\..\Libraries\CMSIS\CM3\DeviceSupport\ST\STM32F10x\stm32f10x.h(64): warning:  #47-D: incompatible redefinition of macro "USE_STDPERIPH_DRIVER"
..\..\Libraries\CMSIS\CM3\DeviceSupport\ST\STM32F10x\stm32f10x.h(65): warning:  #47-D: incompatible redefinition of macro "STM32F10X_MD"
compiling stm32f10x_usart.c...
..\..\Libraries\CMSIS\CM3\DeviceSupport\ST\STM32F10x\stm32f10x.h(64): warning:  #47-D: incompatible redefinition of macro "USE_STDPERIPH_DRIVER"
..\..\Libraries\CMSIS\CM3\DeviceSupport\ST\STM32F10x\stm32f10x.h(65): warning:  #47-D: incompatible redefinition of macro "STM32F10X_MD"
compiling main.c...
compiling stm32f10x_it.c...
..\..\Libraries\CMSIS\CM3\DeviceSupport\ST\STM32F10x\stm32f10x.h(64): warning:  #47-D: incompatible redefinition of macro "USE_STDPERIPH_DRIVER"
..\..\Libraries\CMSIS\CM3\DeviceSupport\ST\STM32F10x\stm32f10x.h(65): warning:  #47-D: incompatible redefinition of macro "STM32F10X_MD"
linking...
..\OBJ\IMU1.axf: Error: L6218E: Undefined symbol main (referred from rtentry2.o).
Target not created
Build target 'IMU1'
assembling startup_stm32f10x_md.s...
compiling core_cm3.c...
compiling system_stm32f10x.c...
compiling misc.c...
compiling stm32f10x_adc.c...
compiling stm32f10x_cec.c...
compiling stm32f10x_dbgmcu.c...
compiling stm32f10x_dma.c...
compiling stm32f10x_exti.c...
compiling stm32f10x_flash.c...
compiling stm32f10x_gpio.c...
compiling stm32f10x_i2c.c...
compiling stm32f10x_pwr.c...
compiling stm32f10x_rcc.c...
compiling stm32f10x_spi.c...
compiling stm32f10x_tim.c...
compiling stm32f10x_usart.c...
compiling main.c...
compiling stm32f10x_it.c...
linking...
..\OBJ\IMU1.axf: Error: L6218E: Undefined symbol main (referred from rtentry2.o).
Target not created
Build target 'IMU1'
assembling startup_stm32f10x_md.s...
compiling core_cm3.c...
compiling system_stm32f10x.c...
compiling misc.c...
compiling stm32f10x_adc.c...
compiling stm32f10x_cec.c...
compiling stm32f10x_dbgmcu.c...
compiling stm32f10x_dma.c...
compiling stm32f10x_exti.c...
compiling stm32f10x_flash.c...
compiling stm32f10x_gpio.c...
compiling stm32f10x_i2c.c...
compiling stm32f10x_pwr.c...
compiling stm32f10x_rcc.c...
compiling stm32f10x_spi.c...
compiling stm32f10x_tim.c...
compiling stm32f10x_usart.c...
compiling main.c...
compiling stm32f10x_it.c...
linking...
Program Size: Code=872 RO-data=268 RW-data=20 ZI-data=1636  
FromELF: creating hex file...
"..\OBJ\IMU1.axf" - 0 Error(s), 0 Warning(s).
</pre>
</body>
</html>
