<html>
<body>
<pre>
<h1>µVision Build Log</h1>
<h2>Project:</h2>
E:\code\stm32f1\IMU1\Project\Pro\IMU1.uvproj
Project File Date:  04/11/2012

<h2>Output:</h2>
Build target '103_IMU_1'
compiling main.c...
..\..\USER\src\test1.c(84): warning:  #550-D: variable "dummy" was set but never used
..\..\USER\src\test1.c(211): warning:  #177-D: variable "STATUS_RES_A" was declared but never referenced
..\..\USER\src\main.c(46): warning:  #223-D: function "matrix_test" declared implicitly
..\..\USER\src\main.c(14): warning:  #550-D: variable "a" was set but never used
..\..\USER\src\main.c(15): warning:  #177-D: variable "i" was declared but never referenced
compiling functions.c...
..\..\USER\src\functions.c(75): warning:  #177-D: variable "a" was declared but never referenced
..\..\USER\src\functions.c(176): error:  #268: declaration may not appear after executable statement in block
..\..\USER\src\functions.c(176): error:  #20: identifier "a" is undefined
compiling test.c...
..\..\USER\src\test.c(46): warning:  #513-D: a value of type "volatile int32_t *" cannot be assigned to an entity of type "int32_t *"
Target not created
Build target '103_IMU_1'
compiling functions.c...
..\..\USER\src\functions.c(75): warning:  #177-D: variable "a" was declared but never referenced
compiling test.c...
..\..\USER\src\test.c(46): warning:  #513-D: a value of type "volatile int32_t *" cannot be assigned to an entity of type "int32_t *"
..\..\USER\src\test.c(55): warning:  #513-D: a value of type "volatile int32_t *" cannot be assigned to an entity of type "int32_t *"
linking...
Program Size: Code=12460 RO-data=556 RW-data=52 ZI-data=1052  
FromELF: creating hex file...
"..\OBJ\IMU1.axf" - 0 Error(s), 3 Warning(s).
Build target '103_IMU_1'
compiling test.c...
..\..\USER\src\test.c(55): warning:  #513-D: a value of type "volatile int32_t *" cannot be assigned to an entity of type "int32_t *"
linking...
Program Size: Code=12460 RO-data=556 RW-data=52 ZI-data=1052  
FromELF: creating hex file...
"..\OBJ\IMU1.axf" - 0 Error(s), 1 Warning(s).
Build target '103_IMU_1'
compiling test.c...
linking...
Program Size: Code=12460 RO-data=556 RW-data=52 ZI-data=1052  
FromELF: creating hex file...
"..\OBJ\IMU1.axf" - 0 Error(s), 0 Warning(s).
Build target '103_IMU_1'
linking...
Program Size: Code=12460 RO-data=556 RW-data=52 ZI-data=1052  
FromELF: creating hex file...
"..\OBJ\IMU1.axf" - 0 Error(s), 0 Warning(s).
Build target '103_IMU_1'
assembling startup_stm32f10x_md.s...
compiling core_cm3.c...
compiling system_stm32f10x.c...
compiling misc.c...
compiling stm32f10x_adc.c...
compiling stm32f10x_cec.c...
compiling stm32f10x_dbgmcu.c...
compiling stm32f10x_dma.c...
compiling stm32f10x_exti.c...
compiling stm32f10x_flash.c...
compiling stm32f10x_gpio.c...
compiling stm32f10x_i2c.c...
compiling stm32f10x_pwr.c...
compiling stm32f10x_rcc.c...
compiling stm32f10x_spi.c...
compiling stm32f10x_tim.c...
compiling stm32f10x_usart.c...
compiling main.c...
..\..\USER\src\test1.c(84): warning:  #550-D: variable "dummy" was set but never used
..\..\USER\src\test1.c(211): warning:  #177-D: variable "STATUS_RES_A" was declared but never referenced
..\..\USER\src\main.c(46): warning:  #223-D: function "matrix_test" declared implicitly
..\..\USER\src\main.c(14): warning:  #550-D: variable "a" was set but never used
..\..\USER\src\main.c(15): warning:  #177-D: variable "i" was declared but never referenced
compiling stm32f10x_it.c...
compiling PPP_init.c...
compiling functions.c...
..\..\USER\src\functions.c(75): warning:  #177-D: variable "a" was declared but never referenced
compiling test.c...
linking...
Program Size: Code=12460 RO-data=556 RW-data=52 ZI-data=1052  
FromELF: creating hex file...
"..\OBJ\IMU1.axf" - 0 Error(s), 6 Warning(s).
