<html>
<body>
<pre>
<h1>µVision Build Log</h1>
<h2>Project:</h2>
E:\code\stm32f1\IMU1\Project\Pro\IMU1.uvproj
Project File Date:  01/08/2012

<h2>Output:</h2>
Build target '103_IMU_1'
compiling main.c...
..\..\USER\src\test.c(84): warning:  #550-D: variable "dummy" was set but never used
..\..\USER\src\test.c(211): warning:  #177-D: variable "STATUS_RES_A" was declared but never referenced
linking...
Program Size: Code=10932 RO-data=268 RW-data=52 ZI-data=1052  
FromELF: creating hex file...
"..\OBJ\IMU1.axf" - 0 Error(s), 2 Warning(s).
Load "..\\OBJ\\IMU1.AXF" 
Erase Done.
Programming Done.
Verify OK.
Build target '103_IMU_1'
linking...
Program Size: Code=10932 RO-data=268 RW-data=52 ZI-data=1052  
FromELF: creating hex file...
"..\OBJ\IMU1.axf" - 0 Error(s), 0 Warning(s).
Load "..\\OBJ\\IMU1.AXF" 
Erase Done.
Programming Done.
Verify OK.
Build target '103_IMU_1'
compiling PPP_init.c...
linking...
Program Size: Code=10940 RO-data=268 RW-data=52 ZI-data=1052  
FromELF: creating hex file...
"..\OBJ\IMU1.axf" - 0 Error(s), 0 Warning(s).
Build target '103_IMU_1'
linking...
Program Size: Code=10940 RO-data=268 RW-data=52 ZI-data=1052  
FromELF: creating hex file...
"..\OBJ\IMU1.axf" - 0 Error(s), 0 Warning(s).
Load "..\\OBJ\\IMU1.AXF" 
Erase Done.
Programming Done.
Verify OK.
Build target '103_IMU_1'
linking...
Program Size: Code=10940 RO-data=268 RW-data=52 ZI-data=1052  
FromELF: creating hex file...
"..\OBJ\IMU1.axf" - 0 Error(s), 0 Warning(s).
Load "..\\OBJ\\IMU1.AXF" 
Erase Done.
Programming Done.
Verify OK.
Build target '103_IMU_1'
assembling startup_stm32f10x_md.s...
compiling core_cm3.c...
compiling system_stm32f10x.c...
compiling misc.c...
compiling stm32f10x_adc.c...
compiling stm32f10x_cec.c...
compiling stm32f10x_dbgmcu.c...
compiling stm32f10x_dma.c...
compiling stm32f10x_exti.c...
compiling stm32f10x_flash.c...
compiling stm32f10x_gpio.c...
compiling stm32f10x_i2c.c...
compiling stm32f10x_pwr.c...
compiling stm32f10x_rcc.c...
compiling stm32f10x_spi.c...
compiling stm32f10x_tim.c...
compiling stm32f10x_usart.c...
compiling main.c...
..\..\USER\src\test.c(84): warning:  #550-D: variable "dummy" was set but never used
..\..\USER\src\test.c(211): warning:  #177-D: variable "STATUS_RES_A" was declared but never referenced
compiling stm32f10x_it.c...
compiling PPP_init.c...
linking...
Program Size: Code=10940 RO-data=268 RW-data=52 ZI-data=1052  
FromELF: creating hex file...
"..\OBJ\IMU1.axf" - 0 Error(s), 2 Warning(s).
Load "..\\OBJ\\IMU1.AXF" 
Erase Done.
Programming Done.
Verify OK.
Build target '103_IMU_1'
compiling main.c...
..\..\USER\src\test.c(84): warning:  #550-D: variable "dummy" was set but never used
..\..\USER\src\test.c(211): warning:  #177-D: variable "STATUS_RES_A" was declared but never referenced
linking...
Program Size: Code=10952 RO-data=268 RW-data=52 ZI-data=1052  
FromELF: creating hex file...
"..\OBJ\IMU1.axf" - 0 Error(s), 2 Warning(s).
Build target '103_IMU_1'
linking...
Program Size: Code=10952 RO-data=268 RW-data=52 ZI-data=1052  
FromELF: creating hex file...
"..\OBJ\IMU1.axf" - 0 Error(s), 0 Warning(s).
Load "..\\OBJ\\IMU1.AXF" 
Erase Done.
Programming Done.
Verify OK.
Build target '103_IMU_1'
compiling main.c...
..\..\USER\src\test.c(84): warning:  #550-D: variable "dummy" was set but never used
..\..\USER\src\test.c(211): warning:  #177-D: variable "STATUS_RES_A" was declared but never referenced
compiling stm32f10x_it.c...
compiling PPP_init.c...
linking...
Program Size: Code=10952 RO-data=268 RW-data=52 ZI-data=1052  
FromELF: creating hex file...
"..\OBJ\IMU1.axf" - 0 Error(s), 2 Warning(s).
Build target '103_IMU_1'
linking...
Program Size: Code=10952 RO-data=268 RW-data=52 ZI-data=1052  
FromELF: creating hex file...
"..\OBJ\IMU1.axf" - 0 Error(s), 0 Warning(s).
Build target '103_IMU_1'
assembling startup_stm32f10x_md.s...
compiling core_cm3.c...
compiling system_stm32f10x.c...
compiling misc.c...
compiling stm32f10x_adc.c...
compiling stm32f10x_cec.c...
compiling stm32f10x_dbgmcu.c...
compiling stm32f10x_dma.c...
compiling stm32f10x_exti.c...
compiling stm32f10x_flash.c...
compiling stm32f10x_gpio.c...
compiling stm32f10x_i2c.c...
compiling stm32f10x_pwr.c...
compiling stm32f10x_rcc.c...
compiling stm32f10x_spi.c...
compiling stm32f10x_tim.c...
compiling stm32f10x_usart.c...
compiling main.c...
..\..\USER\src\test.c(84): warning:  #550-D: variable "dummy" was set but never used
..\..\USER\src\test.c(211): warning:  #177-D: variable "STATUS_RES_A" was declared but never referenced
compiling stm32f10x_it.c...
compiling PPP_init.c...
linking...
Program Size: Code=10952 RO-data=268 RW-data=52 ZI-data=1052  
FromELF: creating hex file...
"..\OBJ\IMU1.axf" - 0 Error(s), 2 Warning(s).
Load "..\\OBJ\\IMU1.AXF" 
Erase Done.
Programming Done.
Verify OK.
Build target '103_IMU_1'
compiling PPP_init.c...
linking...
Program Size: Code=10952 RO-data=268 RW-data=52 ZI-data=1052  
FromELF: creating hex file...
"..\OBJ\IMU1.axf" - 0 Error(s), 0 Warning(s).
Load "..\\OBJ\\IMU1.AXF" 
Erase Done.
Programming Done.
Verify OK.
Build target '103_IMU_1'
compiling PPP_init.c...
linking...
Program Size: Code=10952 RO-data=268 RW-data=52 ZI-data=1052  
FromELF: creating hex file...
"..\OBJ\IMU1.axf" - 0 Error(s), 0 Warning(s).
Load "..\\OBJ\\IMU1.AXF" 
Erase Done.
Programming Done.
Verify OK.
Build target '103_IMU_1'
compiling main.c...
..\..\USER\src\test.c(84): warning:  #550-D: variable "dummy" was set but never used
..\..\USER\src\test.c(211): warning:  #177-D: variable "STATUS_RES_A" was declared but never referenced
compiling PPP_init.c...
linking...
Program Size: Code=11016 RO-data=268 RW-data=52 ZI-data=1052  
FromELF: creating hex file...
"..\OBJ\IMU1.axf" - 0 Error(s), 2 Warning(s).
Build target '103_IMU_1'
linking...
Program Size: Code=11016 RO-data=268 RW-data=52 ZI-data=1052  
FromELF: creating hex file...
"..\OBJ\IMU1.axf" - 0 Error(s), 0 Warning(s).
Load "..\\OBJ\\IMU1.AXF" 
Erase Done.
Programming Done.
Verify OK.
Build target '103_IMU_1'
compiling main.c...
..\..\USER\src\test.c(84): warning:  #550-D: variable "dummy" was set but never used
..\..\USER\src\test.c(211): warning:  #177-D: variable "STATUS_RES_A" was declared but never referenced
linking...
Program Size: Code=11016 RO-data=268 RW-data=52 ZI-data=1052  
FromELF: creating hex file...
"..\OBJ\IMU1.axf" - 0 Error(s), 2 Warning(s).
Load "..\\OBJ\\IMU1.AXF" 
Erase Done.
Programming Done.
Verify OK.
Build target '103_IMU_1'
compiling PPP_init.c...
linking...
Program Size: Code=11060 RO-data=268 RW-data=52 ZI-data=1052  
FromELF: creating hex file...
"..\OBJ\IMU1.axf" - 0 Error(s), 0 Warning(s).
Load "..\\OBJ\\IMU1.AXF" 
Erase Done.
Programming Done.
Verify OK.
Build target '103_IMU_1'
linking...
Program Size: Code=11060 RO-data=268 RW-data=52 ZI-data=1052  
FromELF: creating hex file...
"..\OBJ\IMU1.axf" - 0 Error(s), 0 Warning(s).
Load "..\\OBJ\\IMU1.AXF" 
Erase Done.
Programming Done.
Verify OK.
Build target '103_IMU_1'
compiling main.c...
..\..\USER\src\test.c(84): warning:  #550-D: variable "dummy" was set but never used
..\..\USER\src\test.c(211): warning:  #177-D: variable "STATUS_RES_A" was declared but never referenced
compiling PPP_init.c...
linking...
Program Size: Code=11060 RO-data=268 RW-data=52 ZI-data=1052  
FromELF: creating hex file...
"..\OBJ\IMU1.axf" - 0 Error(s), 2 Warning(s).
Load "..\\OBJ\\IMU1.AXF" 
Erase Done.
Programming Done.
Verify OK.
Build target '103_IMU_1'
compiling main.c...
..\..\USER\src\test.c(84): warning:  #550-D: variable "dummy" was set but never used
..\..\USER\src\test.c(211): warning:  #177-D: variable "STATUS_RES_A" was declared but never referenced
compiling PPP_init.c...
linking...
Program Size: Code=11020 RO-data=268 RW-data=52 ZI-data=1052  
FromELF: creating hex file...
"..\OBJ\IMU1.axf" - 0 Error(s), 2 Warning(s).
Load "..\\OBJ\\IMU1.AXF" 
Erase Done.
Programming Done.
Verify OK.
Build target '103_IMU_1'
compiling main.c...
..\..\USER\src\test.c(84): warning:  #550-D: variable "dummy" was set but never used
..\..\USER\src\test.c(211): warning:  #177-D: variable "STATUS_RES_A" was declared but never referenced
compiling PPP_init.c...
linking...
Program Size: Code=11068 RO-data=268 RW-data=52 ZI-data=1052  
FromELF: creating hex file...
"..\OBJ\IMU1.axf" - 0 Error(s), 2 Warning(s).
Load "..\\OBJ\\IMU1.AXF" 
Erase Done.
Programming Done.
Verify OK.
Build target '103_IMU_1'
compiling main.c...
..\..\USER\src\test.c(84): warning:  #550-D: variable "dummy" was set but never used
..\..\USER\src\test.c(212): warning:  #177-D: variable "STATUS_RES_A" was declared but never referenced
linking...
Program Size: Code=11068 RO-data=268 RW-data=52 ZI-data=1052  
FromELF: creating hex file...
"..\OBJ\IMU1.axf" - 0 Error(s), 2 Warning(s).
Build target '103_IMU_1'
linking...
Program Size: Code=11068 RO-data=268 RW-data=52 ZI-data=1052  
FromELF: creating hex file...
"..\OBJ\IMU1.axf" - 0 Error(s), 0 Warning(s).
Load "..\\OBJ\\IMU1.AXF" 
Erase Done.
Programming Done.
Verify OK.
Build target '103_IMU_1'
compiling main.c...
..\..\USER\src\test.c(84): warning:  #550-D: variable "dummy" was set but never used
..\..\USER\src\test.c(211): warning:  #177-D: variable "STATUS_RES_A" was declared but never referenced
linking...
Program Size: Code=11068 RO-data=268 RW-data=52 ZI-data=1052  
FromELF: creating hex file...
"..\OBJ\IMU1.axf" - 0 Error(s), 2 Warning(s).
Load "..\\OBJ\\IMU1.AXF" 
Erase Done.
Programming Done.
Verify OK.
Build target '103_IMU_1'
compiling stm32f10x_it.c...
linking...
Program Size: Code=11068 RO-data=268 RW-data=52 ZI-data=1052  
FromELF: creating hex file...
"..\OBJ\IMU1.axf" - 0 Error(s), 0 Warning(s).
Load "..\\OBJ\\IMU1.AXF" 
Erase Done.
Programming Done.
Verify OK.
Build target '103_IMU_1'
compiling PPP_init.c...
linking...
Program Size: Code=11064 RO-data=268 RW-data=52 ZI-data=1052  
FromELF: creating hex file...
"..\OBJ\IMU1.axf" - 0 Error(s), 0 Warning(s).
Load "..\\OBJ\\IMU1.AXF" 
Erase Done.
Programming Done.
Verify OK.
Build target '103_IMU_1'
compiling PPP_init.c...
linking...
Program Size: Code=11064 RO-data=268 RW-data=52 ZI-data=1052  
FromELF: creating hex file...
"..\OBJ\IMU1.axf" - 0 Error(s), 0 Warning(s).
Load "..\\OBJ\\IMU1.AXF" 
Erase Done.
Programming Done.
Verify OK.
Build target '103_IMU_1'
compiling PPP_init.c...
linking...
Program Size: Code=11056 RO-data=268 RW-data=52 ZI-data=1052  
FromELF: creating hex file...
"..\OBJ\IMU1.axf" - 0 Error(s), 0 Warning(s).
Load "..\\OBJ\\IMU1.AXF" 
Erase Done.
Programming Done.
Verify OK.
Build target '103_IMU_1'
assembling startup_stm32f10x_md.s...
compiling core_cm3.c...
compiling system_stm32f10x.c...
compiling misc.c...
compiling stm32f10x_adc.c...
compiling stm32f10x_cec.c...
compiling stm32f10x_dbgmcu.c...
compiling stm32f10x_dma.c...
compiling stm32f10x_exti.c...
compiling stm32f10x_flash.c...
compiling stm32f10x_gpio.c...
compiling stm32f10x_i2c.c...
compiling stm32f10x_pwr.c...
compiling stm32f10x_rcc.c...
compiling stm32f10x_spi.c...
compiling stm32f10x_tim.c...
compiling stm32f10x_usart.c...
compiling main.c...
..\..\USER\src\test.c(84): warning:  #550-D: variable "dummy" was set but never used
..\..\USER\src\test.c(211): warning:  #177-D: variable "STATUS_RES_A" was declared but never referenced
compiling stm32f10x_it.c...
compiling PPP_init.c...
linking...
Program Size: Code=11060 RO-data=268 RW-data=52 ZI-data=1052  
FromELF: creating hex file...
"..\OBJ\IMU1.axf" - 0 Error(s), 2 Warning(s).
Load "..\\OBJ\\IMU1.AXF" 
Erase Done.
Programming Done.
Verify OK.
