ARM Linker, 4.1 [Build 791] [Standard]

==============================================================================

Section Cross References

    startup_stm32f10x_md.o(RESET) refers to startup_stm32f10x_md.o(STACK) for __initial_sp
    startup_stm32f10x_md.o(RESET) refers to startup_stm32f10x_md.o(.text) for Reset_Handler
    startup_stm32f10x_md.o(RESET) refers to stm32f10x_it.o(.text) for NMI_Handler
    startup_stm32f10x_md.o(.text) refers to system_stm32f10x.o(.text) for SystemInit
    startup_stm32f10x_md.o(.text) refers to entry.o(.ARM.Collect$$$$00000000) for __main
    system_stm32f10x.o(.text) refers to system_stm32f10x.o(.data) for SystemCoreClock
    stm32f10x_adc.o(.text) refers to stm32f10x_rcc.o(.text) for RCC_APB2PeriphResetCmd
    stm32f10x_cec.o(.text) refers to stm32f10x_rcc.o(.text) for RCC_APB1PeriphResetCmd
    stm32f10x_gpio.o(.text) refers to stm32f10x_rcc.o(.text) for RCC_APB2PeriphResetCmd
    stm32f10x_i2c.o(.text) refers to stm32f10x_rcc.o(.text) for RCC_APB1PeriphResetCmd
    stm32f10x_pwr.o(.text) refers to stm32f10x_rcc.o(.text) for RCC_APB1PeriphResetCmd
    stm32f10x_rcc.o(.text) refers to stm32f10x_rcc.o(.data) for APBAHBPrescTable
    stm32f10x_spi.o(.text) refers to stm32f10x_rcc.o(.text) for RCC_APB2PeriphResetCmd
    stm32f10x_tim.o(.text) refers to stm32f10x_rcc.o(.text) for RCC_APB2PeriphResetCmd
    stm32f10x_usart.o(.text) refers to stm32f10x_rcc.o(.text) for RCC_APB2PeriphResetCmd
    main.o(.text) refers to stm32f10x_rcc.o(.text) for RCC_APB1PeriphClockCmd
    main.o(.text) refers to stm32f10x_i2c.o(.text) for I2C_DeInit
    main.o(.text) refers to stm32f10x_gpio.o(.text) for GPIO_Init
    main.o(.text) refers to printfa.o(i.__0printf) for __2printf
    main.o(.text) refers to ppp_init.o(.text) for RCC_Configuration
    main.o(.text) refers to functions.o(.text) for kalmanFilterFloatInit
    main.o(.text) refers to stm32f10x_usart.o(.text) for USART_ITConfig
    main.o(.text) refers to test.o(.text) for kalmanFloatTest
    main.o(.text) refers to ppp_init.o(.bss) for UsartData
    main.o(.text) refers to ppp_init.o(.data) for sensor_state
    main.o(.text) refers to functions.o(.bss) for kFFloat
    stm32f10x_it.o(.text) refers to ppp_init.o(.text) for SYSTICK_ISR
    stm32f10x_it.o(.text) refers to stm32f10x_exti.o(.text) for EXTI_GetITStatus
    stm32f10x_it.o(.text) refers to stm32f10x_i2c.o(.text) for I2C_GenerateSTART
    stm32f10x_it.o(.text) refers to ppp_init.o(.bss) for sensor_data
    stm32f10x_it.o(.text) refers to ppp_init.o(.data) for sensor_state
    ppp_init.o(.text) refers to stm32f10x_rcc.o(.text) for RCC_DeInit
    ppp_init.o(.text) refers to stm32f10x_flash.o(.text) for FLASH_PrefetchBufferCmd
    ppp_init.o(.text) refers to stm32f10x_gpio.o(.text) for GPIO_Init
    ppp_init.o(.text) refers to stm32f10x_usart.o(.text) for USART_Init
    ppp_init.o(.text) refers to misc.o(.text) for NVIC_PriorityGroupConfig
    ppp_init.o(.text) refers to stm32f10x_i2c.o(.text) for I2C_Init
    ppp_init.o(.text) refers to stm32f10x_dma.o(.text) for DMA_DeInit
    ppp_init.o(.text) refers to stm32f10x_exti.o(.text) for EXTI_DeInit
    ppp_init.o(.text) refers to ppp_init.o(.bss) for sensor_data
    ppp_init.o(.text) refers to ppp_init.o(.data) for sensor_state
    functions.o(.text) refers to printfa.o(i.__0printf) for __2printf
    functions.o(.text) refers to test.o(.text) for printfMatrix
    functions.o(.text) refers to functions.o(.bss) for k_filter
    functions.o(.text) refers to fmul.o(.text) for __aeabi_fmul
    functions.o(.text) refers to fadd.o(.text) for __aeabi_fadd
    functions.o(.text) refers to fdiv.o(.text) for __aeabi_fdiv
    functions.o(.text) refers to f2d.o(.text) for __aeabi_f2d
    functions.o(.text) refers to dadd.o(.text) for __aeabi_drsub
    functions.o(.text) refers to d2f.o(.text) for __aeabi_d2f
    functions.o(.text) refers to dmul.o(.text) for __aeabi_dmul
    functions.o(.text) refers to ffixi.o(.text) for __aeabi_f2iz
    functions.o(.text) refers to sqrt.o(i.sqrt) for sqrt
    functions.o(.text) refers to cos.o(i.cos) for cos
    functions.o(.text) refers to sin.o(i.sin) for sin
    functions.o(.text) refers to asin.o(i.asin) for asin
    functions.o(.text) refers to atan2.o(i.atan2) for atan2
    test.o(.text) refers to memcpya.o(.text) for __aeabi_memcpy4
    test.o(.text) refers to memseta.o(.text) for __aeabi_memclr4
    test.o(.text) refers to functions.o(.text) for matrix_sum
    test.o(.text) refers to printfa.o(i.__0printf) for __2printf
    test.o(.text) refers to fflti.o(.text) for __aeabi_i2f
    test.o(.text) refers to f2d.o(.text) for __aeabi_f2d
    test.o(.text) refers to test.o(.constdata) for .constdata
    test.o(.text) refers to ppp_init.o(.bss) for sensor_data
    test.o(.text) refers to functions.o(.bss) for kFFloat
    asin.o(i.__softfp_asin) refers (Special) to iusefp.o(.text) for __I$use$fp
    asin.o(i.__softfp_asin) refers to asin.o(i.asin) for asin
[...]
    printf3.o(i.__0vsnprintf$3) refers to printf3.o(i._printf_core) for _printf_core
    printf3.o(i.__0vsnprintf$3) refers to printf3.o(i._snputc) for _snputc
    printf3.o(i.__0vsprintf$3) refers to printf3.o(i._printf_core) for _printf_core
    printf3.o(i.__0vsprintf$3) refers to printf3.o(i._sputc) for _sputc
    printf3.o(i._printf_core) refers to uidiv.o(.text) for __aeabi_uidivmod
    printf4.o(i.__0fprintf$4) refers to printf4.o(i._printf_core) for _printf_core
    printf4.o(i.__0fprintf$4) refers to main.o(.text) for fputc
    printf4.o(i.__0printf$4) refers to printf4.o(i._printf_core) for _printf_core
    printf4.o(i.__0printf$4) refers to main.o(.text) for fputc
    printf4.o(i.__0printf$4) refers to stdout.o(.data) for __stdout
    printf4.o(i.__0snprintf$4) refers to printf4.o(i._printf_core) for _printf_core
    printf4.o(i.__0snprintf$4) refers to printf4.o(i._snputc) for _snputc
    printf4.o(i.__0sprintf$4) refers to printf4.o(i._printf_core) for _printf_core
    printf4.o(i.__0sprintf$4) refers to printf4.o(i._sputc) for _sputc
    printf4.o(i.__0vfprintf$4) refers to printf4.o(i._printf_core) for _printf_core
    printf4.o(i.__0vfprintf$4) refers to main.o(.text) for fputc
    printf4.o(i.__0vprintf$4) refers to printf4.o(i._printf_core) for _printf_core
    printf4.o(i.__0vprintf$4) refers to main.o(.text) for fputc
    printf4.o(i.__0vprintf$4) refers to stdout.o(.data) for __stdout
    printf4.o(i.__0vsnprintf$4) refers to printf4.o(i._printf_core) for _printf_core
    printf4.o(i.__0vsnprintf$4) refers to printf4.o(i._snputc) for _snputc
    printf4.o(i.__0vsprintf$4) refers to printf4.o(i._printf_core) for _printf_core
    printf4.o(i.__0vsprintf$4) refers to printf4.o(i._sputc) for _sputc
    printf4.o(i._printf_core) refers to uldiv.o(.text) for __aeabi_uldivmod
    printf5.o(i.__0fprintf$5) refers to printf5.o(i._printf_core) for _printf_core
    printf5.o(i.__0fprintf$5) refers to main.o(.text) for fputc
    printf5.o(i.__0printf$5) refers to printf5.o(i._printf_core) for _printf_core
    printf5.o(i.__0printf$5) refers to main.o(.text) for fputc
    printf5.o(i.__0printf$5) refers to stdout.o(.data) for __stdout
    printf5.o(i.__0snprintf$5) refers to printf5.o(i._printf_core) for _printf_core
    printf5.o(i.__0snprintf$5) refers to printf5.o(i._snputc) for _snputc
    printf5.o(i.__0sprintf$5) refers to printf5.o(i._printf_core) for _printf_core
    printf5.o(i.__0sprintf$5) refers to printf5.o(i._sputc) for _sputc
    printf5.o(i.__0vfprintf$5) refers to printf5.o(i._printf_core) for _printf_core
    printf5.o(i.__0vfprintf$5) refers to main.o(.text) for fputc
    printf5.o(i.__0vprintf$5) refers to printf5.o(i._printf_core) for _printf_core
    printf5.o(i.__0vprintf$5) refers to main.o(.text) for fputc
    printf5.o(i.__0vprintf$5) refers to stdout.o(.data) for __stdout
    printf5.o(i.__0vsnprintf$5) refers to printf5.o(i._printf_core) for _printf_core
    printf5.o(i.__0vsnprintf$5) refers to printf5.o(i._snputc) for _snputc
    printf5.o(i.__0vsprintf$5) refers to printf5.o(i._printf_core) for _printf_core
    printf5.o(i.__0vsprintf$5) refers to printf5.o(i._sputc) for _sputc
    printf5.o(i._printf_core) refers to uldiv.o(.text) for __aeabi_uldivmod
    printf6.o(i.__0fprintf$6) refers to printf6.o(i._printf_core) for _printf_core
    printf6.o(i.__0fprintf$6) refers to main.o(.text) for fputc
    printf6.o(i.__0printf$6) refers to printf6.o(i._printf_core) for _printf_core
    printf6.o(i.__0printf$6) refers to main.o(.text) for fputc
    printf6.o(i.__0printf$6) refers to stdout.o(.data) for __stdout
    printf6.o(i.__0snprintf$6) refers to printf6.o(i._printf_core) for _printf_core
    printf6.o(i.__0snprintf$6) refers to printf6.o(i._snputc) for _snputc
    printf6.o(i.__0sprintf$6) refers to printf6.o(i._printf_core) for _printf_core
    printf6.o(i.__0sprintf$6) refers to printf6.o(i._sputc) for _sputc
    printf6.o(i.__0vfprintf$6) refers to printf6.o(i._printf_core) for _printf_core
    printf6.o(i.__0vfprintf$6) refers to main.o(.text) for fputc
    printf6.o(i.__0vprintf$6) refers to printf6.o(i._printf_core) for _printf_core
    printf6.o(i.__0vprintf$6) refers to main.o(.text) for fputc
    printf6.o(i.__0vprintf$6) refers to stdout.o(.data) for __stdout
    printf6.o(i.__0vsnprintf$6) refers to printf6.o(i._printf_core) for _printf_core
    printf6.o(i.__0vsnprintf$6) refers to printf6.o(i._snputc) for _snputc
    printf6.o(i.__0vsprintf$6) refers to printf6.o(i._printf_core) for _printf_core
    printf6.o(i.__0vsprintf$6) refers to printf6.o(i._sputc) for _sputc
    printf6.o(i._printf_core) refers to printf6.o(i._printf_pre_padding) for _printf_pre_padding
    printf6.o(i._printf_core) refers to uidiv.o(.text) for __aeabi_uidivmod
    printf6.o(i._printf_core) refers to printf6.o(i._printf_post_padding) for _printf_post_padding
    printf7.o(i.__0fprintf$7) refers to printf7.o(i._printf_core) for _printf_core
    printf7.o(i.__0fprintf$7) refers to main.o(.text) for fputc
    printf7.o(i.__0printf$7) refers to printf7.o(i._printf_core) for _printf_core
    printf7.o(i.__0printf$7) refers to main.o(.text) for fputc
    printf7.o(i.__0printf$7) refers to stdout.o(.data) for __stdout
    printf7.o(i.__0snprintf$7) refers to printf7.o(i._printf_core) for _printf_core
    printf7.o(i.__0snprintf$7) refers to printf7.o(i._snputc) for _snputc
    printf7.o(i.__0sprintf$7) refers to printf7.o(i._printf_core) for _printf_core
    printf7.o(i.__0sprintf$7) refers to printf7.o(i._sputc) for _sputc
    printf7.o(i.__0vfprintf$7) refers to printf7.o(i._printf_core) for _printf_core
    printf7.o(i.__0vfprintf$7) refers to main.o(.text) for fputc
    printf7.o(i.__0vprintf$7) refers to printf7.o(i._printf_core) for _printf_core
    printf7.o(i.__0vprintf$7) refers to main.o(.text) for fputc
    printf7.o(i.__0vprintf$7) refers to stdout.o(.data) for __stdout
    printf7.o(i.__0vsnprintf$7) refers to printf7.o(i._printf_core) for _printf_core
    printf7.o(i.__0vsnprintf$7) refers to printf7.o(i._snputc) for _snputc
    printf7.o(i.__0vsprintf$7) refers to printf7.o(i._printf_core) for _printf_core
    printf7.o(i.__0vsprintf$7) refers to printf7.o(i._sputc) for _sputc
    printf7.o(i._printf_core) refers to printf7.o(i._printf_pre_padding) for _printf_pre_padding
    printf7.o(i._printf_core) refers to uldiv.o(.text) for __aeabi_uldivmod
    printf7.o(i._printf_core) refers to printf7.o(i._printf_post_padding) for _printf_post_padding
    printf8.o(i.__0fprintf$8) refers to printf8.o(i._printf_core) for _printf_core
    printf8.o(i.__0fprintf$8) refers to main.o(.text) for fputc
    printf8.o(i.__0printf$8) refers to printf8.o(i._printf_core) for _printf_core
    printf8.o(i.__0printf$8) refers to main.o(.text) for fputc
    printf8.o(i.__0printf$8) refers to stdout.o(.data) for __stdout
    printf8.o(i.__0snprintf$8) refers to printf8.o(i._printf_core) for _printf_core
    printf8.o(i.__0snprintf$8) refers to printf8.o(i._snputc) for _snputc
    printf8.o(i.__0sprintf$8) refers to printf8.o(i._printf_core) for _printf_core
    printf8.o(i.__0sprintf$8) refers to printf8.o(i._sputc) for _sputc
    printf8.o(i.__0vfprintf$8) refers to printf8.o(i._printf_core) for _printf_core
    printf8.o(i.__0vfprintf$8) refers to main.o(.text) for fputc
    printf8.o(i.__0vprintf$8) refers to printf8.o(i._printf_core) for _printf_core
    printf8.o(i.__0vprintf$8) refers to main.o(.text) for fputc
    printf8.o(i.__0vprintf$8) refers to stdout.o(.data) for __stdout
    printf8.o(i.__0vsnprintf$8) refers to printf8.o(i._printf_core) for _printf_core
    printf8.o(i.__0vsnprintf$8) refers to printf8.o(i._snputc) for _snputc
    printf8.o(i.__0vsprintf$8) refers to printf8.o(i._printf_core) for _printf_core
    printf8.o(i.__0vsprintf$8) refers to printf8.o(i._sputc) for _sputc
    printf8.o(i._printf_core) refers to printf8.o(i._printf_pre_padding) for _printf_pre_padding
    printf8.o(i._printf_core) refers to uldiv.o(.text) for __aeabi_uldivmod
    printf8.o(i._printf_core) refers to printf8.o(i._printf_post_padding) for _printf_post_padding
    printfa.o(i.__0fprintf) refers (Special) to iusefp.o(.text) for __I$use$fp
    printfa.o(i.__0fprintf) refers to printfa.o(i._printf_core) for _printf_core
    printfa.o(i.__0fprintf) refers to main.o(.text) for fputc
    printfa.o(i.__0printf) refers (Special) to iusefp.o(.text) for __I$use$fp
    printfa.o(i.__0printf) refers to printfa.o(i._printf_core) for _printf_core
    printfa.o(i.__0printf) refers to main.o(.text) for fputc
    printfa.o(i.__0printf) refers to stdout.o(.data) for __stdout
    printfa.o(i.__0snprintf) refers (Special) to iusefp.o(.text) for __I$use$fp
    printfa.o(i.__0snprintf) refers to printfa.o(i._printf_core) for _printf_core
    printfa.o(i.__0snprintf) refers to printfa.o(i._snputc) for _snputc
    printfa.o(i.__0sprintf) refers (Special) to iusefp.o(.text) for __I$use$fp
    printfa.o(i.__0sprintf) refers to printfa.o(i._printf_core) for _printf_core
    printfa.o(i.__0sprintf) refers to printfa.o(i._sputc) for _sputc
    printfa.o(i.__0vfprintf) refers (Special) to iusefp.o(.text) for __I$use$fp
    printfa.o(i.__0vfprintf) refers to printfa.o(i._printf_core) for _printf_core
    printfa.o(i.__0vfprintf) refers to main.o(.text) for fputc
    printfa.o(i.__0vprintf) refers (Special) to iusefp.o(.text) for __I$use$fp
    printfa.o(i.__0vprintf) refers to printfa.o(i._printf_core) for _printf_core
    printfa.o(i.__0vprintf) refers to main.o(.text) for fputc
    printfa.o(i.__0vprintf) refers to stdout.o(.data) for __stdout
    printfa.o(i.__0vsnprintf) refers (Special) to iusefp.o(.text) for __I$use$fp
    printfa.o(i.__0vsnprintf) refers to printfa.o(i._printf_core) for _printf_core
    printfa.o(i.__0vsnprintf) refers to printfa.o(i._snputc) for _snputc
    printfa.o(i.__0vsprintf) refers (Special) to iusefp.o(.text) for __I$use$fp
    printfa.o(i.__0vsprintf) refers to printfa.o(i._printf_core) for _printf_core
    printfa.o(i.__0vsprintf) refers to printfa.o(i._sputc) for _sputc
    printfa.o(i._fp_digits) refers (Special) to iusefp.o(.text) for __I$use$fp
    printfa.o(i._fp_digits) refers to dmul.o(.text) for __aeabi_dmul
    printfa.o(i._fp_digits) refers to ddiv.o(.text) for __aeabi_ddiv
    printfa.o(i._fp_digits) refers to cdrcmple.o(.text) for __aeabi_cdrcmple
    printfa.o(i._fp_digits) refers to dadd.o(.text) for __aeabi_dadd
    printfa.o(i._fp_digits) refers to dfixul.o(.text) for __aeabi_d2ulz
    printfa.o(i._fp_digits) refers to uldiv.o(.text) for __aeabi_uldivmod
    printfa.o(i._printf_core) refers (Special) to iusefp.o(.text) for __I$use$fp
    printfa.o(i._printf_core) refers to printfa.o(i._printf_pre_padding) for _printf_pre_padding
    printfa.o(i._printf_core) refers to uldiv.o(.text) for __aeabi_uldivmod
    printfa.o(i._printf_core) refers to printfa.o(i._printf_post_padding) for _printf_post_padding
    printfa.o(i._printf_core) refers to printfa.o(i._fp_digits) for _fp_digits
    printfa.o(i._printf_core) refers to uidiv.o(.text) for __aeabi_uidivmod
    printfa.o(i._printf_post_padding) refers (Special) to iusefp.o(.text) for __I$use$fp
    printfa.o(i._printf_pre_padding) refers (Special) to iusefp.o(.text) for __I$use$fp
    printfa.o(i._snputc) refers (Special) to iusefp.o(.text) for __I$use$fp
    printfa.o(i._sputc) refers (Special) to iusefp.o(.text) for __I$use$fp
    fadd.o(.text) refers (Special) to iusefp.o(.text) for __I$use$fp
    fadd.o(.text) refers to fepilogue.o(.text) for _float_epilogue
    fmul.o(.text) refers (Special) to iusefp.o(.text) for __I$use$fp
    fdiv.o(.text) refers (Special) to iusefp.o(.text) for __I$use$fp
    fdiv.o(.text) refers to fepilogue.o(.text) for _float_round
    dadd.o(.text) refers (Special) to iusefp.o(.text) for __I$use$fp
    dadd.o(.text) refers to llshl.o(.text) for __aeabi_llsl
    dadd.o(.text) refers to llsshr.o(.text) for __aeabi_lasr
    dadd.o(.text) refers to depilogue.o(.text) for _double_epilogue
    dmul.o(.text) refers (Special) to iusefp.o(.text) for __I$use$fp
    dmul.o(.text) refers to depilogue.o(.text) for _double_epilogue
    fflti.o(.text) refers (Special) to iusefp.o(.text) for __I$use$fp
    fflti.o(.text) refers to fepilogue.o(.text) for _float_epilogue
    ffixi.o(.text) refers (Special) to iusefp.o(.text) for __I$use$fp
    f2d.o(.text) refers (Special) to iusefp.o(.text) for __I$use$fp
    d2f.o(.text) refers (Special) to iusefp.o(.text) for __I$use$fp
    d2f.o(.text) refers to fepilogue.o(.text) for _float_round
    atan.o(i.__softfp_atan) refers (Special) to iusefp.o(.text) for __I$use$fp
    atan.o(i.__softfp_atan) refers to atan.o(i.atan) for atan
    atan.o(i.atan) refers (Special) to iusefp.o(.text) for __I$use$fp
    atan.o(i.atan) refers to dscalb.o(.text) for __ARM_scalbn
    atan.o(i.atan) refers to fpclassify.o(i.__ARM_fpclassify) for __ARM_fpclassify
    atan.o(i.atan) refers to dunder.o(i.__mathlib_dbl_underflow) for __mathlib_dbl_underflow
    atan.o(i.atan) refers to dadd.o(.text) for __aeabi_dadd
    atan.o(i.atan) refers to ddiv.o(.text) for __aeabi_ddiv
    atan.o(i.atan) refers to dmul.o(.text) for __aeabi_dmul
    atan.o(i.atan) refers to poly.o(i.__kernel_poly) for __kernel_poly
    atan.o(i.atan) refers to atan.o(.constdata) for .constdata
    atan.o(.constdata) refers (Special) to iusefp.o(.text) for __I$use$fp
    atan_x.o(i.____softfp_atan$lsc) refers (Special) to iusefp.o(.text) for __I$use$fp
    atan_x.o(i.____softfp_atan$lsc) refers to atan_x.o(i.__atan$lsc) for __atan$lsc
    atan_x.o(i.__atan$lsc) refers (Special) to iusefp.o(.text) for __I$use$fp
    atan_x.o(i.__atan$lsc) refers to dscalb.o(.text) for __ARM_scalbn
    atan_x.o(i.__atan$lsc) refers to dadd.o(.text) for __aeabi_dadd
    atan_x.o(i.__atan$lsc) refers to ddiv.o(.text) for __aeabi_ddiv
    atan_x.o(i.__atan$lsc) refers to dmul.o(.text) for __aeabi_dmul
    atan_x.o(i.__atan$lsc) refers to poly.o(i.__kernel_poly) for __kernel_poly
    atan_x.o(i.__atan$lsc) refers to atan_x.o(.constdata) for .constdata
    atan_x.o(.constdata) refers (Special) to iusefp.o(.text) for __I$use$fp
    cos_i.o(i.__kernel_cos) refers (Special) to iusefp.o(.text) for __I$use$fp
    cos_i.o(i.__kernel_cos) refers to dfixi.o(.text) for __aeabi_d2iz
    cos_i.o(i.__kernel_cos) refers to dmul.o(.text) for __aeabi_dmul
    cos_i.o(i.__kernel_cos) refers to poly.o(i.__kernel_poly) for __kernel_poly
    cos_i.o(i.__kernel_cos) refers to dadd.o(.text) for __aeabi_dsub
    cos_i.o(i.__kernel_cos) refers to dscalb.o(.text) for __ARM_scalbn
    cos_i.o(i.__kernel_cos) refers to cos_i.o(.constdata) for .constdata
    cos_i.o(.constdata) refers (Special) to iusefp.o(.text) for __I$use$fp
    dunder.o(i.__mathlib_dbl_underflow) refers to dscalb.o(.text) for __ARM_scalbn
    fpclassify.o(i.__ARM_fpclassify) refers (Special) to iusefp.o(.text) for __I$use$fp
    poly.o(i.__kernel_poly) refers (Special) to iusefp.o(.text) for __I$use$fp
    poly.o(i.__kernel_poly) refers to dmul.o(.text) for __aeabi_dmul
    poly.o(i.__kernel_poly) refers to dadd.o(.text) for __aeabi_dadd
    qnan.o(.constdata) refers (Special) to iusefp.o(.text) for __I$use$fp
    rred.o(i.__ieee754_rem_pio2) refers (Special) to iusefp.o(.text) for __I$use$fp
    rred.o(i.__ieee754_rem_pio2) refers to dadd.o(.text) for __aeabi_dsub
    rred.o(i.__ieee754_rem_pio2) refers to dmul.o(.text) for __aeabi_dmul
    rred.o(i.__ieee754_rem_pio2) refers to dfixi.o(.text) for __aeabi_d2iz
    rred.o(i.__ieee754_rem_pio2) refers to dflti.o(.text) for __aeabi_i2d
    rred.o(i.__ieee754_rem_pio2) refers to dfltui.o(.text) for __aeabi_ui2d
    rred.o(i.__ieee754_rem_pio2) refers to dscalb.o(.text) for __ARM_scalbn
    rred.o(i.__ieee754_rem_pio2) refers to rred.o(.constdata) for .constdata
    rred.o(i.__use_accurate_range_reduction) refers (Special) to iusefp.o(.text) for __I$use$fp
    rred.o(.constdata) refers (Special) to iusefp.o(.text) for __I$use$fp
    sin_i.o(i.__kernel_sin) refers (Special) to iusefp.o(.text) for __I$use$fp
    sin_i.o(i.__kernel_sin) refers to fpclassify.o(i.__ARM_fpclassify) for __ARM_fpclassify
    sin_i.o(i.__kernel_sin) refers to dunder.o(i.__mathlib_dbl_underflow) for __mathlib_dbl_underflow
    sin_i.o(i.__kernel_sin) refers to dmul.o(.text) for __aeabi_dmul
    sin_i.o(i.__kernel_sin) refers to poly.o(i.__kernel_poly) for __kernel_poly
    sin_i.o(i.__kernel_sin) refers to dscalb.o(.text) for __ARM_scalbn
    sin_i.o(i.__kernel_sin) refers to dadd.o(.text) for __aeabi_dsub
    sin_i.o(i.__kernel_sin) refers to sin_i.o(.constdata) for .constdata
    sin_i.o(.constdata) refers (Special) to iusefp.o(.text) for __I$use$fp
    sin_i_x.o(i.____kernel_sin$lsc) refers (Special) to iusefp.o(.text) for __I$use$fp
    sin_i_x.o(i.____kernel_sin$lsc) refers to dmul.o(.text) for __aeabi_dmul
    sin_i_x.o(i.____kernel_sin$lsc) refers to poly.o(i.__kernel_poly) for __kernel_poly
    sin_i_x.o(i.____kernel_sin$lsc) refers to dscalb.o(.text) for __ARM_scalbn
    sin_i_x.o(i.____kernel_sin$lsc) refers to dadd.o(.text) for __aeabi_dsub
    sin_i_x.o(i.____kernel_sin$lsc) refers to sin_i_x.o(.constdata) for .constdata
    sin_i_x.o(.constdata) refers (Special) to iusefp.o(.text) for __I$use$fp
    entry2.o(.ARM.Collect$$$$00000001) refers to entry2.o(.ARM.Collect$$$$00002712) for __lit__00000000
    entry2.o(.ARM.Collect$$$$00002712) refers to startup_stm32f10x_md.o(STACK) for __initial_sp
    entry2.o(__vectab_stack_and_reset_area) refers to startup_stm32f10x_md.o(STACK) for __initial_sp
    entry2.o(__vectab_stack_and_reset_area) refers to entry.o(.ARM.Collect$$$$00000000) for __main
    entry5.o(.ARM.Collect$$$$00000004) refers to init.o(.text) for __scatterload
    entry8.o(.ARM.Collect$$$$00000009) refers to main.o(.text) for main
    uldiv.o(.text) refers to llushr.o(.text) for __aeabi_llsr
    uldiv.o(.text) refers to llshl.o(.text) for __aeabi_llsl
    errno.o(i.__aeabi_errno_addr) refers to errno.o(.data) for .data
    errno.o(i.__read_errno) refers to errno.o(.data) for .data
    errno.o(i.__set_errno) refers to errno.o(.data) for .data
    depilogue.o(.text) refers to llshl.o(.text) for __aeabi_llsl
    depilogue.o(.text) refers to llushr.o(.text) for __aeabi_llsr
    ddiv.o(.text) refers to depilogue.o(.text) for _double_round
    dsqrt.o(.text) refers to llushr.o(.text) for __aeabi_llsr
    dsqrt.o(.text) refers to depilogue.o(.text) for _double_round
    dfixul.o(.text) refers to llushr.o(.text) for __aeabi_llsr
    dfixul.o(.text) refers to llshl.o(.text) for __aeabi_llsl
    init.o(.text) refers to entry5.o(.ARM.Collect$$$$00000004) for __main_after_scatterload
    dflti.o(.text) refers to depilogue.o(.text) for _double_epilogue
    dfltui.o(.text) refers to depilogue.o(.text) for _double_epilogue
    dfixi.o(.text) refers to llushr.o(.text) for __aeabi_llsr


==============================================================================

Removing Unused input sections from the image.

    Removing startup_stm32f10x_md.o(HEAP), (512 bytes).
    Removing core_cm3.o(.emb_text), (32 bytes).
    Removing stm32f10x_adc.o(.text), (1240 bytes).
    Removing stm32f10x_cec.o(.text), (328 bytes).
    Removing stm32f10x_dbgmcu.o(.text), (52 bytes).
    Removing stm32f10x_pwr.o(.text), (220 bytes).
    Removing stm32f10x_spi.o(.text), (912 bytes).
    Removing stm32f10x_tim.o(.text), (4048 bytes).
    Removing main.o(.data), (2 bytes).
    Removing cdcmple.o(.text), (40 bytes).

10 unused section(s) (total 7386 bytes) removed from the image.

==============================================================================

Image Symbol Table

    Local Symbols

    Symbol Name                              Value     Ov Type        Size  Object(Section)

    ../../asin.c                             0x00000000   Number         0  asin.o ABSOLUTE
    ../../asin.c                             0x00000000   Number         0  asin_x.o ABSOLUTE
    ../../atan.c                             0x00000000   Number         0  atan_x.o ABSOLUTE
    ../../atan.c                             0x00000000   Number         0  atan.o ABSOLUTE
    ../../atan2.c                            0x00000000   Number         0  atan2.o ABSOLUTE
    ../../atan2.c                            0x00000000   Number         0  atan2_x.o ABSOLUTE
    ../../cos.c                              0x00000000   Number         0  cos_x.o ABSOLUTE
    ../../cos.c                              0x00000000   Number         0  cos.o ABSOLUTE
    ../../cos_i.c                            0x00000000   Number         0  cos_i.o ABSOLUTE
    ../../dunder.c                           0x00000000   Number         0  dunder.o ABSOLUTE
    ../../fpclassify.c                       0x00000000   Number         0  fpclassify.o ABSOLUTE
    ../../microlib/d2f.c                     0x00000000   Number         0  d2f.o ABSOLUTE
    ../../microlib/division.c                0x00000000   Number         0  uidiv.o ABSOLUTE
    ../../microlib/division.c                0x00000000   Number         0  uldiv.o ABSOLUTE
    ../../microlib/errno.c                   0x00000000   Number         0  errno.o ABSOLUTE
    ../../microlib/f2d.c                     0x00000000   Number         0  f2d.o ABSOLUTE
    ../../microlib/fpadd.c                   0x00000000   Number         0  fadd.o ABSOLUTE
    ../../microlib/fpadd.c                   0x00000000   Number         0  dadd.o ABSOLUTE
    ../../microlib/fpdiv.c                   0x00000000   Number         0  fdiv.o ABSOLUTE
    ../../microlib/fpdiv.c                   0x00000000   Number         0  ddiv.o ABSOLUTE
    ../../microlib/fpepilogue.c              0x00000000   Number         0  fepilogue.o ABSOLUTE
    ../../microlib/fpepilogue.c              0x00000000   Number         0  depilogue.o ABSOLUTE
    ../../microlib/fpfix.c                   0x00000000   Number         0  ffixi.o ABSOLUTE
    ../../microlib/fpfix.c                   0x00000000   Number         0  dfixi.o ABSOLUTE
    ../../microlib/fpfix.c                   0x00000000   Number         0  dfixul.o ABSOLUTE
    ../../microlib/fpflt.c                   0x00000000   Number         0  dflti.o ABSOLUTE
    ../../microlib/fpflt.c                   0x00000000   Number         0  dfltui.o ABSOLUTE
    ../../microlib/fpflt.c                   0x00000000   Number         0  fflti.o ABSOLUTE
    ../../microlib/fpmul.c                   0x00000000   Number         0  dmul.o ABSOLUTE
    ../../microlib/fpmul.c                   0x00000000   Number         0  fmul.o ABSOLUTE
    ../../microlib/fpscalb.c                 0x00000000   Number         0  dscalb.o ABSOLUTE
    ../../microlib/fpsqrt.c                  0x00000000   Number         0  dsqrt.o ABSOLUTE
    ../../microlib/init/entry.s              0x00000000   Number         0  entry7a.o ABSOLUTE
    ../../microlib/init/entry.s              0x00000000   Number         0  entry5.o ABSOLUTE
    ../../microlib/init/entry.s              0x00000000   Number         0  entry.o ABSOLUTE
    ../../microlib/init/entry.s              0x00000000   Number         0  entry7b.o ABSOLUTE
    ../../microlib/init/entry.s              0x00000000   Number         0  entry2.o ABSOLUTE
    ../../microlib/init/entry.s              0x00000000   Number         0  entry8.o ABSOLUTE
    ../../microlib/longlong.c                0x00000000   Number         0  llushr.o ABSOLUTE
    ../../microlib/longlong.c                0x00000000   Number         0  llsshr.o ABSOLUTE
    ../../microlib/longlong.c                0x00000000   Number         0  llshl.o ABSOLUTE
    ../../microlib/printf/printf.c           0x00000000   Number         0  printf1.o ABSOLUTE
    ../../microlib/printf/printf.c           0x00000000   Number         0  printf2.o ABSOLUTE
    ../../microlib/printf/printf.c           0x00000000   Number         0  printf3.o ABSOLUTE
    ../../microlib/printf/printf.c           0x00000000   Number         0  printf4.o ABSOLUTE
    ../../microlib/printf/printf.c           0x00000000   Number         0  printf5.o ABSOLUTE
    ../../microlib/printf/printf.c           0x00000000   Number         0  printf6.o ABSOLUTE
    ../../microlib/printf/printf.c           0x00000000   Number         0  printf7.o ABSOLUTE
    ../../microlib/printf/printf.c           0x00000000   Number         0  printf8.o ABSOLUTE
    ../../microlib/printf/printf.c           0x00000000   Number         0  printfa.o ABSOLUTE
    ../../microlib/printf/printf.c           0x00000000   Number         0  printfb.o ABSOLUTE
    ../../microlib/printf/printf.c           0x00000000   Number         0  printf0.o ABSOLUTE
    ../../microlib/printf/stubs.s            0x00000000   Number         0  stubs.o ABSOLUTE
    ../../microlib/stdio/streams.c           0x00000000   Number         0  stdout.o ABSOLUTE
    ../../microlib/string/memcpy.c           0x00000000   Number         0  memcpyb.o ABSOLUTE
    ../../microlib/string/memcpy.c           0x00000000   Number         0  memcpya.o ABSOLUTE
    ../../microlib/string/memset.c           0x00000000   Number         0  memseta.o ABSOLUTE
    ../../microlib/stubs.s                   0x00000000   Number         0  iusefp.o ABSOLUTE
    ../../poly.c                             0x00000000   Number         0  poly.o ABSOLUTE
    ../../qnan.c                             0x00000000   Number         0  qnan.o ABSOLUTE
    ../../rred.c                             0x00000000   Number         0  rred.o ABSOLUTE
    ../../sin.c                              0x00000000   Number         0  sin_x.o ABSOLUTE
    ../../sin.c                              0x00000000   Number         0  sin.o ABSOLUTE
    ../../sin_i.c                            0x00000000   Number         0  sin_i.o ABSOLUTE
    ../../sin_i.c                            0x00000000   Number         0  sin_i_x.o ABSOLUTE
    ../../sqrt.c                             0x00000000   Number         0  sqrt.o ABSOLUTE
    ../../sqrt.c                             0x00000000   Number         0  sqrt_x.o ABSOLUTE
    ..\..\Libraries\CMSIS\CM3\CoreSupport\core_cm3.c 0x00000000   Number         0  core_cm3.o ABSOLUTE
    ..\..\Libraries\CMSIS\CM3\DeviceSupport\ST\STM32F10x\startup\arm\startup_stm32f10x_md.s 0x00000000   Number         0  startup_stm32f10x_md.o ABSOLUTE
    ..\..\Libraries\STM32F10x_StdPeriph_Driver\src\misc.c 0x00000000   Number         0  misc.o ABSOLUTE
    ..\..\Libraries\STM32F10x_StdPeriph_Driver\src\stm32f10x_adc.c 0x00000000   Number         0  stm32f10x_adc.o ABSOLUTE
    ..\..\Libraries\STM32F10x_StdPeriph_Driver\src\stm32f10x_cec.c 0x00000000   Number         0  stm32f10x_cec.o ABSOLUTE
    ..\..\Libraries\STM32F10x_StdPeriph_Driver\src\stm32f10x_dbgmcu.c 0x00000000   Number         0  stm32f10x_dbgmcu.o ABSOLUTE
    ..\..\Libraries\STM32F10x_StdPeriph_Driver\src\stm32f10x_dma.c 0x00000000   Number         0  stm32f10x_dma.o ABSOLUTE
    ..\..\Libraries\STM32F10x_StdPeriph_Driver\src\stm32f10x_exti.c 0x00000000   Number         0  stm32f10x_exti.o ABSOLUTE
    ..\..\Libraries\STM32F10x_StdPeriph_Driver\src\stm32f10x_flash.c 0x00000000   Number         0  stm32f10x_flash.o ABSOLUTE
    ..\..\Libraries\STM32F10x_StdPeriph_Driver\src\stm32f10x_gpio.c 0x00000000   Number         0  stm32f10x_gpio.o ABSOLUTE
    ..\..\Libraries\STM32F10x_StdPeriph_Driver\src\stm32f10x_i2c.c 0x00000000   Number         0  stm32f10x_i2c.o ABSOLUTE
    ..\..\Libraries\STM32F10x_StdPeriph_Driver\src\stm32f10x_pwr.c 0x00000000   Number         0  stm32f10x_pwr.o ABSOLUTE
    ..\..\Libraries\STM32F10x_StdPeriph_Driver\src\stm32f10x_rcc.c 0x00000000   Number         0  stm32f10x_rcc.o ABSOLUTE
    ..\..\Libraries\STM32F10x_StdPeriph_Driver\src\stm32f10x_spi.c 0x00000000   Number         0  stm32f10x_spi.o ABSOLUTE
    ..\..\Libraries\STM32F10x_StdPeriph_Driver\src\stm32f10x_tim.c 0x00000000   Number         0  stm32f10x_tim.o ABSOLUTE
    ..\..\Libraries\STM32F10x_StdPeriph_Driver\src\stm32f10x_usart.c 0x00000000   Number         0  stm32f10x_usart.o ABSOLUTE
    ..\..\USER\src\PPP_init.c                0x00000000   Number         0  ppp_init.o ABSOLUTE
    ..\..\USER\src\functions.c               0x00000000   Number         0  functions.o ABSOLUTE
    ..\..\USER\src\main.c                    0x00000000   Number         0  main.o ABSOLUTE
    ..\..\USER\src\stm32f10x_it.c            0x00000000   Number         0  stm32f10x_it.o ABSOLUTE
    ..\..\USER\src\system_stm32f10x.c        0x00000000   Number         0  system_stm32f10x.o ABSOLUTE
    ..\..\USER\src\test.c                    0x00000000   Number         0  test.o ABSOLUTE
    ..\\..\\Libraries\\CMSIS\\CM3\\CoreSupport\\core_cm3.c 0x00000000   Number         0  core_cm3.o ABSOLUTE
    cdcmple.s                                0x00000000   Number         0  cdcmple.o ABSOLUTE
    cdrcmple.s                               0x00000000   Number         0  cdrcmple.o ABSOLUTE
    dc.s                                     0x00000000   Number         0  dc.o ABSOLUTE
    handlers.s                               0x00000000   Number         0  handlers.o ABSOLUTE
    init.s                                   0x00000000   Number         0  init.o ABSOLUTE
    RESET                                    0x08000000   Section      236  startup_stm32f10x_md.o(RESET)
    .ARM.Collect$$$$00000000                 0x080000ec   Section        0  entry.o(.ARM.Collect$$$$00000000)
    .ARM.Collect$$$$00000001                 0x080000ec   Section        4  entry2.o(.ARM.Collect$$$$00000001)
    .ARM.Collect$$$$00000004                 0x080000f0   Section        4  entry5.o(.ARM.Collect$$$$00000004)
    .ARM.Collect$$$$00000008                 0x080000f4   Section        0  entry7b.o(.ARM.Collect$$$$00000008)
    .ARM.Collect$$$$00000009                 0x080000f4   Section        8  entry8.o(.ARM.Collect$$$$00000009)
    .ARM.Collect$$$$00002712                 0x080000fc   Section        4  entry2.o(.ARM.Collect$$$$00002712)
    __lit__00000000                          0x080000fc   Data           4  entry2.o(.ARM.Collect$$$$00002712)
    .text                                    0x08000100   Section       36  startup_stm32f10x_md.o(.text)
    .text                                    0x08000124   Section        0  system_stm32f10x.o(.text)
    SetSysClockTo72                          0x08000125   Thumb Code   200  system_stm32f10x.o(.text)
    SetSysClock                              0x080001ed   Thumb Code     8  system_stm32f10x.o(.text)
    .text                                    0x08000304   Section        0  misc.o(.text)
    .text                                    0x08000404   Section        0  stm32f10x_dma.o(.text)
    .text                                    0x08000654   Section        0  stm32f10x_exti.o(.text)
    .text                                    0x0800079c   Section        0  stm32f10x_flash.o(.text)
    .text                                    0x08000e04   Section        0  stm32f10x_gpio.o(.text)
    .text                                    0x080011b0   Section        0  stm32f10x_i2c.o(.text)
    .text                                    0x0800161c   Section        0  stm32f10x_rcc.o(.text)
    .text                                    0x08001a30   Section        0  stm32f10x_usart.o(.text)
    .text                                    0x08001ed8   Section        0  main.o(.text)
    .text                                    0x080023c4   Section        0  stm32f10x_it.o(.text)
    .text                                    0x080024d4   Section        0  ppp_init.o(.text)
    .text                                    0x08002c78   Section        0  functions.o(.text)
    .text                                    0x08003ee0   Section        0  test.o(.text)
    .text                                    0x080040f0   Section        0  memcpya.o(.text)
    .text                                    0x08004114   Section        0  memseta.o(.text)
    .text                                    0x0800413a   Section        0  fadd.o(.text)
    .text                                    0x080041ea   Section        0  fmul.o(.text)
    .text                                    0x08004256   Section        0  fdiv.o(.text)
    .text                                    0x080042d6   Section        0  dadd.o(.text)
    .text                                    0x08004422   Section        0  dmul.o(.text)
    .text                                    0x08004502   Section        0  fflti.o(.text)
    .text                                    0x08004514   Section        0  ffixi.o(.text)
    .text                                    0x08004546   Section        0  f2d.o(.text)
    .text                                    0x08004572   Section        0  d2f.o(.text)
    .text                                    0x080045aa   Section        0  uidiv.o(.text)
    .text                                    0x080045d6   Section        0  uldiv.o(.text)
    .text                                    0x08004638   Section        0  llshl.o(.text)
    .text                                    0x08004656   Section        0  llsshr.o(.text)
    .text                                    0x0800467a   Section        0  iusefp.o(.text)
    .text                                    0x0800467a   Section        0  fepilogue.o(.text)
    .text                                    0x080046e6   Section        0  depilogue.o(.text)
    .text                                    0x080047a4   Section        0  ddiv.o(.text)
    .text                                    0x08004882   Section        0  dscalb.o(.text)
    .text                                    0x080048b0   Section        0  dsqrt.o(.text)
    .text                                    0x08004952   Section        0  dfixul.o(.text)
    .text                                    0x08004984   Section       40  cdrcmple.o(.text)
    .text                                    0x080049ac   Section       36  init.o(.text)
    .text                                    0x080049d0   Section        0  llushr.o(.text)
    .text                                    0x080049f0   Section        0  dflti.o(.text)
    .text                                    0x08004a12   Section        0  dfltui.o(.text)
    .text                                    0x08004a2c   Section        0  dfixi.o(.text)
    i.__0printf                              0x08004a6c   Section        0  printfa.o(i.__0printf)
    i.__ARM_fpclassify                       0x08004a8c   Section        0  fpclassify.o(i.__ARM_fpclassify)
    i.__ieee754_rem_pio2                     0x08004ab4   Section        0  rred.o(i.__ieee754_rem_pio2)
    i.__kernel_cos                           0x08004e38   Section        0  cos_i.o(i.__kernel_cos)
    i.__kernel_poly                          0x08004f34   Section        0  poly.o(i.__kernel_poly)
    i.__kernel_sin                           0x08004fe0   Section        0  sin_i.o(i.__kernel_sin)
    i.__mathlib_dbl_underflow                0x080050d0   Section        0  dunder.o(i.__mathlib_dbl_underflow)
    i.__scatterload_copy                     0x080050e0   Section       14  handlers.o(i.__scatterload_copy)
    i.__scatterload_null                     0x080050ee   Section        2  handlers.o(i.__scatterload_null)
    i.__scatterload_zeroinit                 0x080050f0   Section       14  handlers.o(i.__scatterload_zeroinit)
    i.__set_errno                            0x08005100   Section        0  errno.o(i.__set_errno)
    i._fp_digits                             0x0800510c   Section        0  printfa.o(i._fp_digits)
    _fp_digits                               0x0800510d   Thumb Code   320  printfa.o(i._fp_digits)
    i._printf_core                           0x08005260   Section        0  printfa.o(i._printf_core)
    _printf_core                             0x08005261   Thumb Code  1782  printfa.o(i._printf_core)
    i._printf_post_padding                   0x08005964   Section        0  printfa.o(i._printf_post_padding)
    _printf_post_padding                     0x08005965   Thumb Code    38  printfa.o(i._printf_post_padding)
    i._printf_pre_padding                    0x0800598a   Section        0  printfa.o(i._printf_pre_padding)
    _printf_pre_padding                      0x0800598b   Thumb Code    48  printfa.o(i._printf_pre_padding)
    i.asin                                   0x080059bc   Section        0  asin.o(i.asin)
    i.atan                                   0x08005c3c   Section        0  atan.o(i.atan)
    i.atan2                                  0x08005e60   Section        0  atan2.o(i.atan2)
    i.cos                                    0x08005fe0   Section        0  cos.o(i.cos)
    i.sin                                    0x0800608c   Section        0  sin.o(i.sin)
    i.sqrt                                   0x0800613c   Section        0  sqrt.o(i.sqrt)
    .constdata                               0x08006188   Section      288  test.o(.constdata)
    .constdata                               0x080062a8   Section       80  asin.o(.constdata)
    pS                                       0x080062a8   Data          48  asin.o(.constdata)
    qS                                       0x080062d8   Data          32  asin.o(.constdata)
    .constdata                               0x080062f8   Section      152  atan.o(.constdata)
    atanhi                                   0x080062f8   Data          32  atan.o(.constdata)
    atanlo                                   0x08006318   Data          32  atan.o(.constdata)
    aTodd                                    0x08006338   Data          40  atan.o(.constdata)
    aTeven                                   0x08006360   Data          48  atan.o(.constdata)
    .constdata                               0x08006390   Section       48  cos_i.o(.constdata)
    C                                        0x08006390   Data          48  cos_i.o(.constdata)
    .constdata                               0x080063c0   Section        8  qnan.o(.constdata)
    .constdata                               0x080063c8   Section      200  rred.o(.constdata)
    pio2s                                    0x080063c8   Data          48  rred.o(.constdata)
    twooverpi                                0x080063f8   Data         152  rred.o(.constdata)
    .constdata                               0x08006490   Section       40  sin_i.o(.constdata)
    S                                        0x08006490   Data          40  sin_i.o(.constdata)
    .data                                    0x20000000   Section       20  system_stm32f10x.o(.data)
    .data                                    0x20000014   Section       20  stm32f10x_rcc.o(.data)
    APBAHBPrescTable                         0x20000014   Data          16  stm32f10x_rcc.o(.data)
    ADCPrescTable                            0x20000024   Data           4  stm32f10x_rcc.o(.data)
    .data                                    0x20000028   Section       12  ppp_init.o(.data)
    .data                                    0x20000034   Section        4  stdout.o(.data)
    .data                                    0x20000038   Section        4  errno.o(.data)
    _errno                                   0x20000038   Data           4  errno.o(.data)
    .bss                                     0x2000003c   Section       56  ppp_init.o(.bss)
    .bss                                     0x20000074   Section     2456  functions.o(.bss)
    STACK                                    0x20000a10   Section     1024  startup_stm32f10x_md.o(STACK)

    Global Symbols

    Symbol Name                              Value     Ov Type        Size  Object(Section)

    BuildAttributes$$THM_ISAv4$P$D$K$B$S$PE$A:L22UL41UL21$X:L11$S22US41US21$IEEE1$IW$USESV6$~STKCKD$USESV7$~SHL$OTIME$ROPI$IEEEX$EBA8$MICROLIB$REQ8$PRES8$EABIv2 0x00000000   Number         0  anon$$obj.o ABSOLUTE
    __ARM_use_no_argv                        0x00000000   Number         0  main.o ABSOLUTE
    _printf_a                                0x00000000   Number         0  stubs.o ABSOLUTE
    _printf_c                                0x00000000   Number         0  stubs.o ABSOLUTE
    _printf_charcount                        0x00000000   Number         0  stubs.o ABSOLUTE
    _printf_d                                0x00000000   Number         0  stubs.o ABSOLUTE
    _printf_e                                0x00000000   Number         0  stubs.o ABSOLUTE
    _printf_f                                0x00000000   Number         0  stubs.o ABSOLUTE
    _printf_flags                            0x00000000   Number         0  stubs.o ABSOLUTE
    _printf_fp_dec                           0x00000000   Number         0  stubs.o ABSOLUTE
    _printf_fp_hex                           0x00000000   Number         0  stubs.o ABSOLUTE
    _printf_g                                0x00000000   Number         0  stubs.o ABSOLUTE
    _printf_i                                0x00000000   Number         0  stubs.o ABSOLUTE
    _printf_int_dec                          0x00000000   Number         0  stubs.o ABSOLUTE
    _printf_l                                0x00000000   Number         0  stubs.o ABSOLUTE
    _printf_lc                               0x00000000   Number         0  stubs.o ABSOLUTE
    _printf_ll                               0x00000000   Number         0  stubs.o ABSOLUTE
    _printf_lld                              0x00000000   Number         0  stubs.o ABSOLUTE
    _printf_lli                              0x00000000   Number         0  stubs.o ABSOLUTE
    _printf_llo                              0x00000000   Number         0  stubs.o ABSOLUTE
    _printf_llu                              0x00000000   Number         0  stubs.o ABSOLUTE
    _printf_llx                              0x00000000   Number         0  stubs.o ABSOLUTE
    _printf_longlong_dec                     0x00000000   Number         0  stubs.o ABSOLUTE
    _printf_longlong_hex                     0x00000000   Number         0  stubs.o ABSOLUTE
    _printf_longlong_oct                     0x00000000   Number         0  stubs.o ABSOLUTE
    _printf_ls                               0x00000000   Number         0  stubs.o ABSOLUTE
    _printf_mbtowc                           0x00000000   Number         0  stubs.o ABSOLUTE
    _printf_n                                0x00000000   Number         0  stubs.o ABSOLUTE
    _printf_o                                0x00000000   Number         0  stubs.o ABSOLUTE
    _printf_p                                0x00000000   Number         0  stubs.o ABSOLUTE
    _printf_percent                          0x00000000   Number         0  stubs.o ABSOLUTE
    _printf_pre_padding                      0x00000000   Number         0  stubs.o ABSOLUTE
    _printf_return_value                     0x00000000   Number         0  stubs.o ABSOLUTE
    _printf_s                                0x00000000   Number         0  stubs.o ABSOLUTE
    _printf_sizespec                         0x00000000   Number         0  stubs.o ABSOLUTE
    _printf_str                              0x00000000   Number         0  stubs.o ABSOLUTE
    _printf_truncate_signed                  0x00000000   Number         0  stubs.o ABSOLUTE
    _printf_truncate_unsigned                0x00000000   Number         0  stubs.o ABSOLUTE
    _printf_u                                0x00000000   Number         0  stubs.o ABSOLUTE
    _printf_wc                               0x00000000   Number         0  stubs.o ABSOLUTE
    _printf_wctomb                           0x00000000   Number         0  stubs.o ABSOLUTE
    _printf_widthprec                        0x00000000   Number         0  stubs.o ABSOLUTE
    _printf_x                                0x00000000   Number         0  stubs.o ABSOLUTE
    __decompress                              - Undefined Weak Reference
    _clock_init                               - Undefined Weak Reference
    __Vectors_Size                           0x000000ec   Number         0  startup_stm32f10x_md.o ABSOLUTE
    __Vectors                                0x08000000   Data           4  startup_stm32f10x_md.o(RESET)
    __Vectors_End                            0x080000ec   Data           0  startup_stm32f10x_md.o(RESET)
    __main                                   0x080000ed   Thumb Code     0  entry.o(.ARM.Collect$$$$00000000)
    _main_stk                                0x080000ed   Thumb Code     0  entry2.o(.ARM.Collect$$$$00000001)
    _main_scatterload                        0x080000f1   Thumb Code     0  entry5.o(.ARM.Collect$$$$00000004)
    __main_after_scatterload                 0x080000f5   Thumb Code     0  entry5.o(.ARM.Collect$$$$00000004)
    _main_clock                              0x080000f5   Thumb Code     0  entry7b.o(.ARM.Collect$$$$00000008)
    _main_init                               0x080000f5   Thumb Code     0  entry8.o(.ARM.Collect$$$$00000009)
    Reset_Handler                            0x08000101   Thumb Code     8  startup_stm32f10x_md.o(.text)
    ADC1_2_IRQHandler                        0x0800011b   Thumb Code     0  startup_stm32f10x_md.o(.text)
    CAN1_RX1_IRQHandler                      0x0800011b   Thumb Code     0  startup_stm32f10x_md.o(.text)
    CAN1_SCE_IRQHandler                      0x0800011b   Thumb Code     0  startup_stm32f10x_md.o(.text)
    DMA1_Channel1_IRQHandler                 0x0800011b   Thumb Code     0  startup_stm32f10x_md.o(.text)
    DMA1_Channel2_IRQHandler                 0x0800011b   Thumb Code     0  startup_stm32f10x_md.o(.text)
    DMA1_Channel3_IRQHandler                 0x0800011b   Thumb Code     0  startup_stm32f10x_md.o(.text)
    DMA1_Channel4_IRQHandler                 0x0800011b   Thumb Code     0  startup_stm32f10x_md.o(.text)
    DMA1_Channel6_IRQHandler                 0x0800011b   Thumb Code     0  startup_stm32f10x_md.o(.text)
    DMA1_Channel7_IRQHandler                 0x0800011b   Thumb Code     0  startup_stm32f10x_md.o(.text)
    EXTI0_IRQHandler                         0x0800011b   Thumb Code     0  startup_stm32f10x_md.o(.text)
    EXTI15_10_IRQHandler                     0x0800011b   Thumb Code     0  startup_stm32f10x_md.o(.text)
    EXTI2_IRQHandler                         0x0800011b   Thumb Code     0  startup_stm32f10x_md.o(.text)
    EXTI3_IRQHandler                         0x0800011b   Thumb Code     0  startup_stm32f10x_md.o(.text)
    EXTI4_IRQHandler                         0x0800011b   Thumb Code     0  startup_stm32f10x_md.o(.text)
    FLASH_IRQHandler                         0x0800011b   Thumb Code     0  startup_stm32f10x_md.o(.text)
    I2C1_ER_IRQHandler                       0x0800011b   Thumb Code     0  startup_stm32f10x_md.o(.text)
    I2C1_EV_IRQHandler                       0x0800011b   Thumb Code     0  startup_stm32f10x_md.o(.text)
    PVD_IRQHandler                           0x0800011b   Thumb Code     0  startup_stm32f10x_md.o(.text)
    RCC_IRQHandler                           0x0800011b   Thumb Code     0  startup_stm32f10x_md.o(.text)
    RTCAlarm_IRQHandler                      0x0800011b   Thumb Code     0  startup_stm32f10x_md.o(.text)
    RTC_IRQHandler                           0x0800011b   Thumb Code     0  startup_stm32f10x_md.o(.text)
    SPI1_IRQHandler                          0x0800011b   Thumb Code     0  startup_stm32f10x_md.o(.text)
    SPI2_IRQHandler                          0x0800011b   Thumb Code     0  startup_stm32f10x_md.o(.text)
    TAMPER_IRQHandler                        0x0800011b   Thumb Code     0  startup_stm32f10x_md.o(.text)
    TIM1_BRK_IRQHandler                      0x0800011b   Thumb Code     0  startup_stm32f10x_md.o(.text)
    TIM1_CC_IRQHandler                       0x0800011b   Thumb Code     0  startup_stm32f10x_md.o(.text)
    TIM1_TRG_COM_IRQHandler                  0x0800011b   Thumb Code     0  startup_stm32f10x_md.o(.text)
    TIM1_UP_IRQHandler                       0x0800011b   Thumb Code     0  startup_stm32f10x_md.o(.text)
    TIM2_IRQHandler                          0x0800011b   Thumb Code     0  startup_stm32f10x_md.o(.text)
    TIM3_IRQHandler                          0x0800011b   Thumb Code     0  startup_stm32f10x_md.o(.text)
    TIM4_IRQHandler                          0x0800011b   Thumb Code     0  startup_stm32f10x_md.o(.text)
    USART2_IRQHandler                        0x0800011b   Thumb Code     0  startup_stm32f10x_md.o(.text)
    USART3_IRQHandler                        0x0800011b   Thumb Code     0  startup_stm32f10x_md.o(.text)
    USBWakeUp_IRQHandler                     0x0800011b   Thumb Code     0  startup_stm32f10x_md.o(.text)
    USB_HP_CAN1_TX_IRQHandler                0x0800011b   Thumb Code     0  startup_stm32f10x_md.o(.text)
    USB_LP_CAN1_RX0_IRQHandler               0x0800011b   Thumb Code     0  startup_stm32f10x_md.o(.text)
    WWDG_IRQHandler                          0x0800011b   Thumb Code     0  startup_stm32f10x_md.o(.text)
    SystemInit                               0x080001f5   Thumb Code    82  system_stm32f10x.o(.text)
    SystemCoreClockUpdate                    0x08000247   Thumb Code   154  system_stm32f10x.o(.text)
    NVIC_PriorityGroupConfig                 0x08000305   Thumb Code    12  misc.o(.text)
    NVIC_Init                                0x08000311   Thumb Code   128  misc.o(.text)
    NVIC_SetVectorTable                      0x08000391   Thumb Code    16  misc.o(.text)
    NVIC_SystemLPConfig                      0x080003a1   Thumb Code    30  misc.o(.text)
    SysTick_CLKSourceConfig                  0x080003bf   Thumb Code    40  misc.o(.text)
    DMA_DeInit                               0x08000405   Thumb Code   288  stm32f10x_dma.o(.text)
    DMA_Init                                 0x08000525   Thumb Code    80  stm32f10x_dma.o(.text)
    DMA_StructInit                           0x08000575   Thumb Code    28  stm32f10x_dma.o(.text)
    DMA_Cmd                                  0x08000591   Thumb Code    26  stm32f10x_dma.o(.text)
    DMA_ITConfig                             0x080005ab   Thumb Code    22  stm32f10x_dma.o(.text)
    DMA_SetCurrDataCounter                   0x080005c1   Thumb Code     4  stm32f10x_dma.o(.text)
    DMA_GetCurrDataCounter                   0x080005c5   Thumb Code     8  stm32f10x_dma.o(.text)
    DMA_GetFlagStatus                        0x080005cd   Thumb Code    40  stm32f10x_dma.o(.text)
    DMA_ClearFlag                            0x080005f5   Thumb Code    18  stm32f10x_dma.o(.text)
    DMA_GetITStatus                          0x08000607   Thumb Code    40  stm32f10x_dma.o(.text)
    DMA_ClearITPendingBit                    0x0800062f   Thumb Code    18  stm32f10x_dma.o(.text)
    EXTI_DeInit                              0x08000655   Thumb Code    34  stm32f10x_exti.o(.text)
    EXTI_Init                                0x08000677   Thumb Code   158  stm32f10x_exti.o(.text)
    EXTI_StructInit                          0x08000715   Thumb Code    22  stm32f10x_exti.o(.text)
    EXTI_GenerateSWInterrupt                 0x0800072b   Thumb Code    14  stm32f10x_exti.o(.text)
    EXTI_GetFlagStatus                       0x08000739   Thumb Code    26  stm32f10x_exti.o(.text)
    EXTI_ClearFlag                           0x08000753   Thumb Code     6  stm32f10x_exti.o(.text)
    EXTI_GetITStatus                         0x08000759   Thumb Code    38  stm32f10x_exti.o(.text)
    EXTI_ClearITPendingBit                   0x0800077f   Thumb Code     6  stm32f10x_exti.o(.text)
    FLASH_SetLatency                         0x0800079d   Thumb Code    22  stm32f10x_flash.o(.text)
    FLASH_HalfCycleAccessCmd                 0x080007b3   Thumb Code    24  stm32f10x_flash.o(.text)
    FLASH_PrefetchBufferCmd                  0x080007cb   Thumb Code    24  stm32f10x_flash.o(.text)
    FLASH_Unlock                             0x080007e3   Thumb Code    12  stm32f10x_flash.o(.text)
    FLASH_UnlockBank1                        0x080007ef   Thumb Code    12  stm32f10x_flash.o(.text)
    FLASH_Lock                               0x080007fb   Thumb Code    14  stm32f10x_flash.o(.text)
    FLASH_LockBank1                          0x08000809   Thumb Code    14  stm32f10x_flash.o(.text)
    FLASH_GetBank1Status                     0x08000817   Thumb Code    60  stm32f10x_flash.o(.text)
    FLASH_WaitForLastOperation               0x08000853   Thumb Code    44  stm32f10x_flash.o(.text)
    FLASH_ErasePage                          0x0800087f   Thumb Code    76  stm32f10x_flash.o(.text)
    FLASH_EraseAllPages                      0x080008cb   Thumb Code    72  stm32f10x_flash.o(.text)
    FLASH_WaitForLastBank1Operation          0x08000913   Thumb Code    44  stm32f10x_flash.o(.text)
    FLASH_EraseAllBank1Pages                 0x0800093f   Thumb Code    72  stm32f10x_flash.o(.text)
    FLASH_GetReadOutProtectionStatus         0x08000987   Thumb Code    26  stm32f10x_flash.o(.text)
    FLASH_EraseOptionBytes                   0x080009a1   Thumb Code   164  stm32f10x_flash.o(.text)
    FLASH_ProgramWord                        0x08000a45   Thumb Code   114  stm32f10x_flash.o(.text)
    FLASH_ProgramHalfWord                    0x08000ab7   Thumb Code    68  stm32f10x_flash.o(.text)
    FLASH_ProgramOptionByteData              0x08000afb   Thumb Code    80  stm32f10x_flash.o(.text)
    FLASH_EnableWriteProtection              0x08000b4b   Thumb Code   212  stm32f10x_flash.o(.text)
    FLASH_ReadOutProtection                  0x08000c1f   Thumb Code   168  stm32f10x_flash.o(.text)
    FLASH_UserOptionByteConfig               0x08000cc7   Thumb Code    98  stm32f10x_flash.o(.text)
    FLASH_GetUserOptionByte                  0x08000d29   Thumb Code     8  stm32f10x_flash.o(.text)
    FLASH_GetWriteProtectionOptionByte       0x08000d31   Thumb Code     6  stm32f10x_flash.o(.text)
    FLASH_GetPrefetchBufferStatus            0x08000d37   Thumb Code    26  stm32f10x_flash.o(.text)
    FLASH_ITConfig                           0x08000d51   Thumb Code    30  stm32f10x_flash.o(.text)
    FLASH_GetFlagStatus                      0x08000d6f   Thumb Code    52  stm32f10x_flash.o(.text)
    FLASH_ClearFlag                          0x08000da3   Thumb Code     6  stm32f10x_flash.o(.text)
    FLASH_GetStatus                          0x08000da9   Thumb Code    60  stm32f10x_flash.o(.text)
    GPIO_DeInit                              0x08000e05   Thumb Code   172  stm32f10x_gpio.o(.text)
    GPIO_AFIODeInit                          0x08000eb1   Thumb Code    20  stm32f10x_gpio.o(.text)
    GPIO_Init                                0x08000ec5   Thumb Code   292  stm32f10x_gpio.o(.text)
    GPIO_StructInit                          0x08000fe9   Thumb Code    20  stm32f10x_gpio.o(.text)
    GPIO_ReadInputDataBit                    0x08000ffd   Thumb Code    24  stm32f10x_gpio.o(.text)
    GPIO_ReadInputData                       0x08001015   Thumb Code     8  stm32f10x_gpio.o(.text)
    GPIO_ReadOutputDataBit                   0x0800101d   Thumb Code    24  stm32f10x_gpio.o(.text)
    GPIO_ReadOutputData                      0x08001035   Thumb Code     8  stm32f10x_gpio.o(.text)
    GPIO_SetBits                             0x0800103d   Thumb Code     4  stm32f10x_gpio.o(.text)
    GPIO_ResetBits                           0x08001041   Thumb Code     4  stm32f10x_gpio.o(.text)
    GPIO_WriteBit                            0x08001045   Thumb Code    10  stm32f10x_gpio.o(.text)
    GPIO_Write                               0x0800104f   Thumb Code     4  stm32f10x_gpio.o(.text)
    GPIO_PinLockConfig                       0x08001053   Thumb Code    20  stm32f10x_gpio.o(.text)
    GPIO_EventOutputConfig                   0x08001067   Thumb Code    32  stm32f10x_gpio.o(.text)
    GPIO_EventOutputCmd                      0x08001087   Thumb Code     6  stm32f10x_gpio.o(.text)
    GPIO_PinRemapConfig                      0x0800108d   Thumb Code   156  stm32f10x_gpio.o(.text)
    GPIO_EXTILineConfig                      0x08001129   Thumb Code    84  stm32f10x_gpio.o(.text)
    GPIO_ETH_MediaInterfaceConfig            0x0800117d   Thumb Code     6  stm32f10x_gpio.o(.text)
    I2C_DeInit                               0x080011b1   Thumb Code    50  stm32f10x_i2c.o(.text)
    I2C_Init                                 0x080011e3   Thumb Code   250  stm32f10x_i2c.o(.text)
    I2C_StructInit                           0x080012dd   Thumb Code    34  stm32f10x_i2c.o(.text)
    I2C_Cmd                                  0x080012ff   Thumb Code    26  stm32f10x_i2c.o(.text)
    I2C_DMACmd                               0x08001319   Thumb Code    26  stm32f10x_i2c.o(.text)
    I2C_DMALastTransferCmd                   0x08001333   Thumb Code    26  stm32f10x_i2c.o(.text)
    I2C_GenerateSTART                        0x0800134d   Thumb Code    26  stm32f10x_i2c.o(.text)
    I2C_GenerateSTOP                         0x08001367   Thumb Code    26  stm32f10x_i2c.o(.text)
    I2C_AcknowledgeConfig                    0x08001381   Thumb Code    26  stm32f10x_i2c.o(.text)
    I2C_OwnAddress2Config                    0x0800139b   Thumb Code    28  stm32f10x_i2c.o(.text)
    I2C_DualAddressCmd                       0x080013b7   Thumb Code    26  stm32f10x_i2c.o(.text)
    I2C_GeneralCallCmd                       0x080013d1   Thumb Code    26  stm32f10x_i2c.o(.text)
    I2C_ITConfig                             0x080013eb   Thumb Code    30  stm32f10x_i2c.o(.text)
    I2C_SendData                             0x08001409   Thumb Code     4  stm32f10x_i2c.o(.text)
    I2C_ReceiveData                          0x0800140d   Thumb Code     8  stm32f10x_i2c.o(.text)
    I2C_Send7bitAddress                      0x08001415   Thumb Code    20  stm32f10x_i2c.o(.text)
    I2C_ReadRegister                         0x08001429   Thumb Code    14  stm32f10x_i2c.o(.text)
    I2C_SoftwareResetCmd                     0x08001437   Thumb Code    22  stm32f10x_i2c.o(.text)
    I2C_NACKPositionConfig                   0x0800144d   Thumb Code    30  stm32f10x_i2c.o(.text)
    I2C_SMBusAlertConfig                     0x0800146b   Thumb Code    30  stm32f10x_i2c.o(.text)
    I2C_TransmitPEC                          0x08001489   Thumb Code    26  stm32f10x_i2c.o(.text)
    I2C_PECPositionConfig                    0x080014a3   Thumb Code    30  stm32f10x_i2c.o(.text)
    I2C_CalculatePEC                         0x080014c1   Thumb Code    26  stm32f10x_i2c.o(.text)
    I2C_GetPEC                               0x080014db   Thumb Code    10  stm32f10x_i2c.o(.text)
    I2C_ARPCmd                               0x080014e5   Thumb Code    26  stm32f10x_i2c.o(.text)
    I2C_StretchClockCmd                      0x080014ff   Thumb Code    26  stm32f10x_i2c.o(.text)
    I2C_FastModeDutyCycleConfig              0x08001519   Thumb Code    30  stm32f10x_i2c.o(.text)
    I2C_CheckEvent                           0x08001537   Thumb Code    50  stm32f10x_i2c.o(.text)
    I2C_GetLastEvent                         0x08001569   Thumb Code    30  stm32f10x_i2c.o(.text)
    I2C_GetFlagStatus                        0x08001587   Thumb Code    72  stm32f10x_i2c.o(.text)
    I2C_ClearFlag                            0x080015cf   Thumb Code    16  stm32f10x_i2c.o(.text)
    I2C_GetITStatus                          0x080015df   Thumb Code    44  stm32f10x_i2c.o(.text)
    I2C_ClearITPendingBit                    0x0800160b   Thumb Code    16  stm32f10x_i2c.o(.text)
    RCC_DeInit                               0x0800161d   Thumb Code    68  stm32f10x_rcc.o(.text)
    RCC_HSEConfig                            0x08001661   Thumb Code    70  stm32f10x_rcc.o(.text)
    RCC_GetFlagStatus                        0x080016a7   Thumb Code    68  stm32f10x_rcc.o(.text)
    RCC_WaitForHSEStartUp                    0x080016eb   Thumb Code    56  stm32f10x_rcc.o(.text)
    RCC_AdjustHSICalibrationValue            0x08001723   Thumb Code    22  stm32f10x_rcc.o(.text)
    RCC_HSICmd                               0x08001739   Thumb Code     6  stm32f10x_rcc.o(.text)
    RCC_PLLConfig                            0x0800173f   Thumb Code    28  stm32f10x_rcc.o(.text)
    RCC_PLLCmd                               0x0800175b   Thumb Code     6  stm32f10x_rcc.o(.text)
    RCC_SYSCLKConfig                         0x08001761   Thumb Code    22  stm32f10x_rcc.o(.text)
    RCC_GetSYSCLKSource                      0x08001777   Thumb Code    10  stm32f10x_rcc.o(.text)
    RCC_HCLKConfig                           0x08001781   Thumb Code    22  stm32f10x_rcc.o(.text)
    RCC_PCLK1Config                          0x08001797   Thumb Code    22  stm32f10x_rcc.o(.text)
    RCC_PCLK2Config                          0x080017ad   Thumb Code    22  stm32f10x_rcc.o(.text)
    RCC_ITConfig                             0x080017c3   Thumb Code    36  stm32f10x_rcc.o(.text)
    RCC_USBCLKConfig                         0x080017e7   Thumb Code     6  stm32f10x_rcc.o(.text)
    RCC_ADCCLKConfig                         0x080017ed   Thumb Code    22  stm32f10x_rcc.o(.text)
    RCC_LSEConfig                            0x08001803   Thumb Code    50  stm32f10x_rcc.o(.text)
    RCC_LSICmd                               0x08001835   Thumb Code     6  stm32f10x_rcc.o(.text)
    RCC_RTCCLKConfig                         0x0800183b   Thumb Code    14  stm32f10x_rcc.o(.text)
    RCC_RTCCLKCmd                            0x08001849   Thumb Code     6  stm32f10x_rcc.o(.text)
    RCC_GetClocksFreq                        0x0800184f   Thumb Code   216  stm32f10x_rcc.o(.text)
    RCC_AHBPeriphClockCmd                    0x08001927   Thumb Code    30  stm32f10x_rcc.o(.text)
    RCC_APB2PeriphClockCmd                   0x08001945   Thumb Code    30  stm32f10x_rcc.o(.text)
    RCC_APB1PeriphClockCmd                   0x08001963   Thumb Code    30  stm32f10x_rcc.o(.text)
    RCC_APB2PeriphResetCmd                   0x08001981   Thumb Code    30  stm32f10x_rcc.o(.text)
    RCC_APB1PeriphResetCmd                   0x0800199f   Thumb Code    30  stm32f10x_rcc.o(.text)
    RCC_BackupResetCmd                       0x080019bd   Thumb Code     6  stm32f10x_rcc.o(.text)
    RCC_ClockSecuritySystemCmd               0x080019c3   Thumb Code     6  stm32f10x_rcc.o(.text)
    RCC_MCOConfig                            0x080019c9   Thumb Code     6  stm32f10x_rcc.o(.text)
    RCC_ClearFlag                            0x080019cf   Thumb Code    14  stm32f10x_rcc.o(.text)
    RCC_GetITStatus                          0x080019dd   Thumb Code    26  stm32f10x_rcc.o(.text)
    RCC_ClearITPendingBit                    0x080019f7   Thumb Code    58  stm32f10x_rcc.o(.text)
    USART_DeInit                             0x08001a31   Thumb Code   134  stm32f10x_usart.o(.text)
    USART_Init                               0x08001ab7   Thumb Code   250  stm32f10x_usart.o(.text)
    USART_StructInit                         0x08001bb1   Thumb Code    30  stm32f10x_usart.o(.text)
    USART_ClockInit                          0x08001bcf   Thumb Code    46  stm32f10x_usart.o(.text)
    USART_ClockStructInit                    0x08001bfd   Thumb Code    14  stm32f10x_usart.o(.text)
    USART_Cmd                                0x08001c0b   Thumb Code    26  stm32f10x_usart.o(.text)
    USART_ITConfig                           0x08001c25   Thumb Code    88  stm32f10x_usart.o(.text)
    USART_DMACmd                             0x08001c7d   Thumb Code    30  stm32f10x_usart.o(.text)
    USART_SetAddress                         0x08001c9b   Thumb Code    22  stm32f10x_usart.o(.text)
    USART_WakeUpConfig                       0x08001cb1   Thumb Code    22  stm32f10x_usart.o(.text)
    USART_ReceiverWakeUpCmd                  0x08001cc7   Thumb Code    26  stm32f10x_usart.o(.text)
    USART_LINBreakDetectLengthConfig         0x08001ce1   Thumb Code    22  stm32f10x_usart.o(.text)
    USART_LINCmd                             0x08001cf7   Thumb Code    26  stm32f10x_usart.o(.text)
    USART_SendData                           0x08001d11   Thumb Code     8  stm32f10x_usart.o(.text)
    USART_ReceiveData                        0x08001d19   Thumb Code    10  stm32f10x_usart.o(.text)
    USART_SendBreak                          0x08001d23   Thumb Code    10  stm32f10x_usart.o(.text)
    USART_SetGuardTime                       0x08001d2d   Thumb Code    16  stm32f10x_usart.o(.text)
    USART_SetPrescaler                       0x08001d3d   Thumb Code    18  stm32f10x_usart.o(.text)
    USART_SmartCardCmd                       0x08001d4f   Thumb Code    26  stm32f10x_usart.o(.text)
    USART_SmartCardNACKCmd                   0x08001d69   Thumb Code    26  stm32f10x_usart.o(.text)
    USART_HalfDuplexCmd                      0x08001d83   Thumb Code    26  stm32f10x_usart.o(.text)
    USART_OverSampling8Cmd                   0x08001d9d   Thumb Code    22  stm32f10x_usart.o(.text)
    USART_OneBitMethodCmd                    0x08001db3   Thumb Code    26  stm32f10x_usart.o(.text)
    USART_IrDAConfig                         0x08001dcd   Thumb Code    22  stm32f10x_usart.o(.text)
    USART_IrDACmd                            0x08001de3   Thumb Code    26  stm32f10x_usart.o(.text)
    USART_GetFlagStatus                      0x08001dfd   Thumb Code    54  stm32f10x_usart.o(.text)
    USART_ClearFlag                          0x08001e33   Thumb Code    20  stm32f10x_usart.o(.text)
    USART_GetITStatus                        0x08001e47   Thumb Code   104  stm32f10x_usart.o(.text)
    USART_ClearITPendingBit                  0x08001eaf   Thumb Code    40  stm32f10x_usart.o(.text)
    I2C_Configuration                        0x08001ed9   Thumb Code   154  main.o(.text)
    sensor_write                             0x08001f73   Thumb Code   128  main.o(.text)
    sensor_read                              0x08001ff3   Thumb Code   176  main.o(.text)
    GYRO_Init                                0x080020a3   Thumb Code   128  main.o(.text)
    GYRO_Test                                0x08002123   Thumb Code   128  main.o(.text)
    ACCER_Test                               0x080021a3   Thumb Code   140  main.o(.text)
    main                                     0x0800222f   Thumb Code   346  main.o(.text)
    fputc                                    0x08002389   Thumb Code    32  main.o(.text)
    NMI_Handler                              0x080023c5   Thumb Code     2  stm32f10x_it.o(.text)
    HardFault_Handler                        0x080023c7   Thumb Code     4  stm32f10x_it.o(.text)
    MemManage_Handler                        0x080023cb   Thumb Code     4  stm32f10x_it.o(.text)
    BusFault_Handler                         0x080023cf   Thumb Code     4  stm32f10x_it.o(.text)
    UsageFault_Handler                       0x080023d3   Thumb Code     4  stm32f10x_it.o(.text)
    SVC_Handler                              0x080023d7   Thumb Code     2  stm32f10x_it.o(.text)
    DebugMon_Handler                         0x080023d9   Thumb Code     2  stm32f10x_it.o(.text)
    PendSV_Handler                           0x080023db   Thumb Code     2  stm32f10x_it.o(.text)
    SysTick_Handler                          0x080023dd   Thumb Code     8  stm32f10x_it.o(.text)
    DMA1_Channel5_IRQHandler                 0x080023e5   Thumb Code     2  stm32f10x_it.o(.text)
    EXTI9_5_IRQHandler                       0x080023e7   Thumb Code   100  stm32f10x_it.o(.text)
    EXTI1_IRQHandler                         0x0800244b   Thumb Code   102  stm32f10x_it.o(.text)
    USART1_IRQHandler                        0x080024b1   Thumb Code     8  stm32f10x_it.o(.text)
    I2C2_EV_IRQHandler                       0x080024b9   Thumb Code     8  stm32f10x_it.o(.text)
    I2C2_ER_IRQHandler                       0x080024c1   Thumb Code     8  stm32f10x_it.o(.text)
    RCC_Configuration                        0x080024d5   Thumb Code   144  ppp_init.o(.text)
    USART1_Configuration                     0x08002565   Thumb Code   192  ppp_init.o(.text)
    SENSOR_I2C_BUS_Configuration             0x08002625   Thumb Code   248  ppp_init.o(.text)
    SENSOR_I2C_BUS_DMA_Configuration         0x0800271d   Thumb Code   132  ppp_init.o(.text)
    LED_Configuration                        0x080027a1   Thumb Code    44  ppp_init.o(.text)
    SENSOR_EXTI_Configuration                0x080027cd   Thumb Code   246  ppp_init.o(.text)
    SYSTICK_Configuration                    0x080028c3   Thumb Code   106  ppp_init.o(.text)
    sensor_state_assign                      0x0800292d   Thumb Code    40  ppp_init.o(.text)
    USART1_ISR                               0x08002955   Thumb Code   170  ppp_init.o(.text)
    SENSOR_I2C_BUS_EV_ISR                    0x080029ff   Thumb Code   454  ppp_init.o(.text)
    SENSOR_I2C_BUS_ERR_ISR                   0x08002bc5   Thumb Code    76  ppp_init.o(.text)
    SYSTICK_ISR                              0x08002c11   Thumb Code    64  ppp_init.o(.text)
    matrix_sum                               0x08002c79   Thumb Code    46  functions.o(.text)
    minimum_prediction_MSE                   0x08002ca7   Thumb Code    38  functions.o(.text)
    matrix_mul                               0x08002ccd   Thumb Code   220  functions.o(.text)
    minimum_MSE                              0x08002da9   Thumb Code   134  functions.o(.text)
    amend                                    0x08002e2f   Thumb Code   284  functions.o(.text)
    matrix_inv                               0x08002f4b   Thumb Code   844  functions.o(.text)
    kalman_gain                              0x08003297   Thumb Code   414  functions.o(.text)
    kalman_filter                            0x08003435   Thumb Code    20  functions.o(.text)
    kalman_init                              0x08003449   Thumb Code   258  functions.o(.text)
    int32ToChar                              0x0800354b   Thumb Code    54  functions.o(.text)
    kalmanFilterFloat                        0x08003581   Thumb Code   618  functions.o(.text)
    kalmanFilterFloatInit                    0x080037eb   Thumb Code   230  functions.o(.text)
    floatToChar                              0x080038d1   Thumb Code    80  functions.o(.text)
    quaternion                               0x08003921   Thumb Code  1438  functions.o(.text)
    quaternionInit                           0x08003ebf   Thumb Code    20  functions.o(.text)
    matrix_test                              0x08003ee1   Thumb Code   196  test.o(.text)
    kalman_test                              0x08003fa5   Thumb Code     4  test.o(.text)
    kalmanFloatTest                          0x08003fa9   Thumb Code   122  test.o(.text)
    printfMatrix                             0x08004023   Thumb Code    32  test.o(.text)
    quaternionTest                           0x08004043   Thumb Code    64  test.o(.text)
    __aeabi_memcpy                           0x080040f1   Thumb Code    36  memcpya.o(.text)
    __aeabi_memcpy4                          0x080040f1   Thumb Code     0  memcpya.o(.text)
    __aeabi_memcpy8                          0x080040f1   Thumb Code     0  memcpya.o(.text)
    __aeabi_memset                           0x08004115   Thumb Code    14  memseta.o(.text)
    __aeabi_memset4                          0x08004115   Thumb Code     0  memseta.o(.text)
    __aeabi_memset8                          0x08004115   Thumb Code     0  memseta.o(.text)
    __aeabi_memclr                           0x08004123   Thumb Code     4  memseta.o(.text)
    __aeabi_memclr4                          0x08004123   Thumb Code     0  memseta.o(.text)
    __aeabi_memclr8                          0x08004123   Thumb Code     0  memseta.o(.text)
    _memset$wrapper                          0x08004127   Thumb Code    20  memseta.o(.text)
    __aeabi_fadd                             0x0800413b   Thumb Code   164  fadd.o(.text)
    __aeabi_fsub                             0x080041df   Thumb Code     6  fadd.o(.text)
    __aeabi_frsub                            0x080041e5   Thumb Code     6  fadd.o(.text)
    __aeabi_fmul                             0x080041eb   Thumb Code   108  fmul.o(.text)
    __aeabi_fdiv                             0x08004257   Thumb Code   128  fdiv.o(.text)
    __aeabi_dadd                             0x080042d7   Thumb Code   320  dadd.o(.text)
    __aeabi_dsub                             0x08004417   Thumb Code     6  dadd.o(.text)
    __aeabi_drsub                            0x0800441d   Thumb Code     6  dadd.o(.text)
    __aeabi_dmul                             0x08004423   Thumb Code   224  dmul.o(.text)
    __aeabi_i2f                              0x08004503   Thumb Code    18  fflti.o(.text)
    __aeabi_f2iz                             0x08004515   Thumb Code    50  ffixi.o(.text)
    __aeabi_f2d                              0x08004547   Thumb Code    44  f2d.o(.text)
    __aeabi_d2f                              0x08004573   Thumb Code    56  d2f.o(.text)
    __aeabi_uidiv                            0x080045ab   Thumb Code     0  uidiv.o(.text)
    __aeabi_uidivmod                         0x080045ab   Thumb Code    44  uidiv.o(.text)
    __aeabi_uldivmod                         0x080045d7   Thumb Code    98  uldiv.o(.text)
    __aeabi_llsl                             0x08004639   Thumb Code    30  llshl.o(.text)
    _ll_shift_l                              0x08004639   Thumb Code     0  llshl.o(.text)
    __aeabi_lasr                             0x08004657   Thumb Code    36  llsshr.o(.text)
    _ll_sshift_r                             0x08004657   Thumb Code     0  llsshr.o(.text)
    __I$use$fp                               0x0800467b   Thumb Code     0  iusefp.o(.text)
    _float_round                             0x0800467b   Thumb Code    18  fepilogue.o(.text)
    _float_epilogue                          0x0800468d   Thumb Code    90  fepilogue.o(.text)
    _double_round                            0x080046e7   Thumb Code    26  depilogue.o(.text)
    _double_epilogue                         0x08004701   Thumb Code   164  depilogue.o(.text)
    __aeabi_ddiv                             0x080047a5   Thumb Code   222  ddiv.o(.text)
    __ARM_scalbn                             0x08004883   Thumb Code    46  dscalb.o(.text)
    scalbn                                   0x08004883   Thumb Code     0  dscalb.o(.text)
    _dsqrt                                   0x080048b1   Thumb Code   162  dsqrt.o(.text)
    __aeabi_d2ulz                            0x08004953   Thumb Code    48  dfixul.o(.text)
    __aeabi_cdrcmple                         0x08004985   Thumb Code    38  cdrcmple.o(.text)
    __scatterload                            0x080049ad   Thumb Code    28  init.o(.text)
    __scatterload_rt2                        0x080049ad   Thumb Code     0  init.o(.text)
    __aeabi_llsr                             0x080049d1   Thumb Code    32  llushr.o(.text)
    _ll_ushift_r                             0x080049d1   Thumb Code     0  llushr.o(.text)
    __aeabi_i2d                              0x080049f1   Thumb Code    34  dflti.o(.text)
    __aeabi_ui2d                             0x08004a13   Thumb Code    26  dfltui.o(.text)
    __aeabi_d2iz                             0x08004a2d   Thumb Code    62  dfixi.o(.text)
    __0printf                                0x08004a6d   Thumb Code    22  printfa.o(i.__0printf)
    __1printf                                0x08004a6d   Thumb Code     0  printfa.o(i.__0printf)
    __2printf                                0x08004a6d   Thumb Code     0  printfa.o(i.__0printf)
    __c89printf                              0x08004a6d   Thumb Code     0  printfa.o(i.__0printf)
    printf                                   0x08004a6d   Thumb Code     0  printfa.o(i.__0printf)
    __ARM_fpclassify                         0x08004a8d   Thumb Code    40  fpclassify.o(i.__ARM_fpclassify)
    __ieee754_rem_pio2                       0x08004ab5   Thumb Code   828  rred.o(i.__ieee754_rem_pio2)
    __kernel_cos                             0x08004e39   Thumb Code   230  cos_i.o(i.__kernel_cos)
    __kernel_poly                            0x08004f35   Thumb Code   170  poly.o(i.__kernel_poly)
    __kernel_sin                             0x08004fe1   Thumb Code   226  sin_i.o(i.__kernel_sin)
    __mathlib_dbl_underflow                  0x080050d1   Thumb Code    10  dunder.o(i.__mathlib_dbl_underflow)
    __scatterload_copy                       0x080050e1   Thumb Code    14  handlers.o(i.__scatterload_copy)
    __scatterload_null                       0x080050ef   Thumb Code     2  handlers.o(i.__scatterload_null)
    __scatterload_zeroinit                   0x080050f1   Thumb Code    14  handlers.o(i.__scatterload_zeroinit)
    __set_errno                              0x08005101   Thumb Code     6  errno.o(i.__set_errno)
    asin                                     0x080059bd   Thumb Code   586  asin.o(i.asin)
    atan                                     0x08005c3d   Thumb Code   480  atan.o(i.atan)
    atan2                                    0x08005e61   Thumb Code   346  atan2.o(i.atan2)
    cos                                      0x08005fe1   Thumb Code   162  cos.o(i.cos)
    sin                                      0x0800608d   Thumb Code   166  sin.o(i.sin)
    sqrt                                     0x0800613d   Thumb Code    76  sqrt.o(i.sqrt)
    __mathlib_zero                           0x080063c0   Data           8  qnan.o(.constdata)
    Region$$Table$$Base                      0x080064b8   Number         0  anon$$obj.o(Region$$Table)
    Region$$Table$$Limit                     0x080064d8   Number         0  anon$$obj.o(Region$$Table)
    SystemCoreClock                          0x20000000   Data           4  system_stm32f10x.o(.data)
    AHBPrescTable                            0x20000004   Data          16  system_stm32f10x.o(.data)
    sensor_state                             0x20000028   Data           8  ppp_init.o(.data)
    time                                     0x20000030   Data           4  ppp_init.o(.data)
    __stdout                                 0x20000034   Data           4  stdout.o(.data)
    sensor_data                              0x2000003c   Data          24  ppp_init.o(.bss)
    UsartData                                0x20000054   Data          32  ppp_init.o(.bss)
    k_filter                                 0x20000074   Data        1632  functions.o(.bss)
    kFFloat                                  0x200006d4   Data         288  functions.o(.bss)
    quat                                     0x200007f4   Data         100  functions.o(.bss)
    matrix                                   0x20000858   Data         436  functions.o(.bss)
    __initial_sp                             0x20000e10   Data           0  startup_stm32f10x_md.o(STACK)



==============================================================================

Memory Map of the image

  Image Entry point : 0x080000ed

  Load Region LR_IROM1 (Base: 0x08000000, Size: 0x00006514, Max: 0x00020000, ABSOLUTE)

    Execution Region ER_IROM1 (Base: 0x08000000, Size: 0x000064d8, Max: 0x00020000, ABSOLUTE)

    Base Addr    Size         Type   Attr      Idx    E Section Name        Object

    0x08000000   0x000000ec   Data   RO            3    RESET               startup_stm32f10x_md.o
    0x080000ec   0x00000000   Code   RO          427  * .ARM.Collect$$$$00000000  mc_w.l(entry.o)
    0x080000ec   0x00000004   Code   RO          746    .ARM.Collect$$$$00000001  mc_w.l(entry2.o)
    0x080000f0   0x00000004   Code   RO          749    .ARM.Collect$$$$00000004  mc_w.l(entry5.o)
    0x080000f4   0x00000000   Code   RO          751    .ARM.Collect$$$$00000008  mc_w.l(entry7b.o)
    0x080000f4   0x00000008   Code   RO          752    .ARM.Collect$$$$00000009  mc_w.l(entry8.o)
    0x080000fc   0x00000004   Code   RO          747    .ARM.Collect$$$$00002712  mc_w.l(entry2.o)
    0x08000100   0x00000024   Code   RO            4    .text               startup_stm32f10x_md.o
    0x08000124   0x000001e0   Code   RO           24    .text               system_stm32f10x.o
    0x08000304   0x00000100   Code   RO           94    .text               misc.o
    0x08000404   0x00000250   Code   RO          146    .text               stm32f10x_dma.o
    0x08000654   0x00000148   Code   RO          158    .text               stm32f10x_exti.o
    0x0800079c   0x00000668   Code   RO          170    .text               stm32f10x_flash.o
    0x08000e04   0x000003ac   Code   RO          182    .text               stm32f10x_gpio.o
    0x080011b0   0x0000046a   Code   RO          194    .text               stm32f10x_i2c.o
    0x0800161a   0x00000002   PAD
    0x0800161c   0x00000414   Code   RO          218    .text               stm32f10x_rcc.o
    0x08001a30   0x000004a6   Code   RO          256    .text               stm32f10x_usart.o
    0x08001ed6   0x00000002   PAD
    0x08001ed8   0x000004ec   Code   RO          268    .text               main.o
    0x080023c4   0x00000110   Code   RO          311    .text               stm32f10x_it.o
    0x080024d4   0x000007a4   Code   RO          330    .text               ppp_init.o
    0x08002c78   0x00001268   Code   RO          354    .text               functions.o
    0x08003ee0   0x00000210   Code   RO          372    .text               test.o
    0x080040f0   0x00000024   Code   RO          430    .text               mc_w.l(memcpya.o)
    0x08004114   0x00000026   Code   RO          432    .text               mc_w.l(memseta.o)
    0x0800413a   0x000000b0   Code   RO          697    .text               mf_w.l(fadd.o)
    0x080041ea   0x0000006c   Code   RO          699    .text               mf_w.l(fmul.o)
    0x08004256   0x00000080   Code   RO          701    .text               mf_w.l(fdiv.o)
    0x080042d6   0x0000014c   Code   RO          703    .text               mf_w.l(dadd.o)
    0x08004422   0x000000e0   Code   RO          705    .text               mf_w.l(dmul.o)
    0x08004502   0x00000012   Code   RO          707    .text               mf_w.l(fflti.o)
    0x08004514   0x00000032   Code   RO          709    .text               mf_w.l(ffixi.o)
    0x08004546   0x0000002c   Code   RO          711    .text               mf_w.l(f2d.o)
    0x08004572   0x00000038   Code   RO          713    .text               mf_w.l(d2f.o)
    0x080045aa   0x0000002c   Code   RO          754    .text               mc_w.l(uidiv.o)
    0x080045d6   0x00000062   Code   RO          756    .text               mc_w.l(uldiv.o)
    0x08004638   0x0000001e   Code   RO          758    .text               mc_w.l(llshl.o)
    0x08004656   0x00000024   Code   RO          760    .text               mc_w.l(llsshr.o)
    0x0800467a   0x00000000   Code   RO          769    .text               mc_w.l(iusefp.o)
    0x0800467a   0x0000006c   Code   RO          770    .text               mf_w.l(fepilogue.o)
    0x080046e6   0x000000be   Code   RO          772    .text               mf_w.l(depilogue.o)
    0x080047a4   0x000000de   Code   RO          774    .text               mf_w.l(ddiv.o)
    0x08004882   0x0000002e   Code   RO          776    .text               mf_w.l(dscalb.o)
    0x080048b0   0x000000a2   Code   RO          778    .text               mf_w.l(dsqrt.o)
    0x08004952   0x00000030   Code   RO          780    .text               mf_w.l(dfixul.o)
    0x08004982   0x00000002   PAD
    0x08004984   0x00000028   Code   RO          784    .text               mf_w.l(cdrcmple.o)
    0x080049ac   0x00000024   Code   RO          786    .text               mc_w.l(init.o)
    0x080049d0   0x00000020   Code   RO          788    .text               mc_w.l(llushr.o)
    0x080049f0   0x00000022   Code   RO          790    .text               mf_w.l(dflti.o)
    0x08004a12   0x0000001a   Code   RO          792    .text               mf_w.l(dfltui.o)
    0x08004a2c   0x0000003e   Code   RO          794    .text               mf_w.l(dfixi.o)
    0x08004a6a   0x00000002   PAD
    0x08004a6c   0x00000020   Code   RO          669    i.__0printf         mc_w.l(printfa.o)
    0x08004a8c   0x00000028   Code   RO          730    i.__ARM_fpclassify  m_ws.l(fpclassify.o)
    0x08004ab4   0x00000384   Code   RO          735    i.__ieee754_rem_pio2  m_ws.l(rred.o)
    0x08004e38   0x000000fc   Code   RO          725    i.__kernel_cos      m_ws.l(cos_i.o)
    0x08004f34   0x000000aa   Code   RO          732    i.__kernel_poly     m_ws.l(poly.o)
    0x08004fde   0x00000002   PAD
    0x08004fe0   0x000000f0   Code   RO          740    i.__kernel_sin      m_ws.l(sin_i.o)
    0x080050d0   0x00000010   Code   RO          728    i.__mathlib_dbl_underflow  m_ws.l(dunder.o)
    0x080050e0   0x0000000e   Code   RO          798    i.__scatterload_copy  mc_w.l(handlers.o)
    0x080050ee   0x00000002   Code   RO          799    i.__scatterload_null  mc_w.l(handlers.o)
    0x080050f0   0x0000000e   Code   RO          800    i.__scatterload_zeroinit  mc_w.l(handlers.o)
    0x080050fe   0x00000002   PAD
    0x08005100   0x0000000c   Code   RO          764    i.__set_errno       mc_w.l(errno.o)
    0x0800510c   0x00000154   Code   RO          676    i._fp_digits        mc_w.l(printfa.o)
    0x08005260   0x00000704   Code   RO          677    i._printf_core      mc_w.l(printfa.o)
    0x08005964   0x00000026   Code   RO          678    i._printf_post_padding  mc_w.l(printfa.o)
    0x0800598a   0x00000030   Code   RO          679    i._printf_pre_padding  mc_w.l(printfa.o)
    0x080059ba   0x00000002   PAD
    0x080059bc   0x00000280   Code   RO          386    i.asin              m_ws.l(asin.o)
    0x08005c3c   0x00000224   Code   RO          716    i.atan              m_ws.l(atan.o)
    0x08005e60   0x00000180   Code   RO          396    i.atan2             m_ws.l(atan2.o)
    0x08005fe0   0x000000ac   Code   RO          404    i.cos               m_ws.l(cos.o)
    0x0800608c   0x000000b0   Code   RO          412    i.sin               m_ws.l(sin.o)
    0x0800613c   0x0000004c   Code   RO          420    i.sqrt              m_ws.l(sqrt.o)
    0x08006188   0x00000120   Data   RO          373    .constdata          test.o
    0x080062a8   0x00000050   Data   RO          387    .constdata          m_ws.l(asin.o)
    0x080062f8   0x00000098   Data   RO          717    .constdata          m_ws.l(atan.o)
    0x08006390   0x00000030   Data   RO          726    .constdata          m_ws.l(cos_i.o)
    0x080063c0   0x00000008   Data   RO          734    .constdata          m_ws.l(qnan.o)
    0x080063c8   0x000000c8   Data   RO          737    .constdata          m_ws.l(rred.o)
    0x08006490   0x00000028   Data   RO          741    .constdata          m_ws.l(sin_i.o)
    0x080064b8   0x00000020   Data   RO          796    Region$$Table       anon$$obj.o


    Execution Region RW_IRAM1 (Base: 0x20000000, Size: 0x00000e10, Max: 0x00005000, ABSOLUTE)

    Base Addr    Size         Type   Attr      Idx    E Section Name        Object

    0x20000000   0x00000014   Data   RW           25    .data               system_stm32f10x.o
    0x20000014   0x00000014   Data   RW          219    .data               stm32f10x_rcc.o
    0x20000028   0x0000000c   Data   RW          332    .data               ppp_init.o
    0x20000034   0x00000004   Data   RW          753    .data               mc_w.l(stdout.o)
    0x20000038   0x00000004   Data   RW          765    .data               mc_w.l(errno.o)
    0x2000003c   0x00000038   Zero   RW          331    .bss                ppp_init.o
    0x20000074   0x00000998   Zero   RW          355    .bss                functions.o
    0x20000a0c   0x00000004   PAD
    0x20000a10   0x00000400   Zero   RW            1    STACK               startup_stm32f10x_md.o


==============================================================================

Image component sizes


      Code (inc. data)   RO Data    RW Data    ZI Data      Debug   Object Name

         0          0          0          0          0       4176   core_cm3.o
      4712        252          0          0       2456       8279   functions.o
      1260        108          0          0          0       3491   main.o
       256         30          0          0          0       1805   misc.o
      1956         92          0         12         56      21891   ppp_init.o
        36          8        236          0       1024        868   startup_stm32f10x_md.o
       592         20          0          0          0       4370   stm32f10x_dma.o
       328         24          0          0          0       2263   stm32f10x_exti.o
      1640         52          0          0          0       8294   stm32f10x_flash.o
       940         46          0          0          0       5785   stm32f10x_gpio.o
      1130         16          0          0          0       9263   stm32f10x_i2c.o
       272         12          0          0          0       2067   stm32f10x_it.o
      1044         52          0         20          0       8928   stm32f10x_rcc.o
      1190         22          0          0          0       8500   stm32f10x_usart.o
       480         36          0         20          0     254831   system_stm32f10x.o
       528        110        288          0          0       1822   test.o

    ----------------------------------------------------------------------
     16368        880        556         52       3540     346633   Object Totals
         0          0         32          0          0          0   (incl. Generated)
         4          0          0          0          4          0   (incl. Padding)

    ----------------------------------------------------------------------

      Code (inc. data)   RO Data    RW Data    ZI Data      Debug   Library Member Name

       640         54         80          0          0        176   asin.o
       548         68        152          0          0        128   atan.o
       384         38          0          0          0        144   atan2.o
       172         10          0          0          0        116   cos.o
       252         22         48          0          0        128   cos_i.o
        16          6          0          0          0         68   dunder.o
        40          0          0          0          0         68   fpclassify.o
       170          0          0          0          0         96   poly.o
         0          0          8          0          0          0   qnan.o
       900         72        200          0          0        140   rred.o
       176         10          0          0          0        120   sin.o
       240         14         40          0          0        132   sin_i.o
        76          0          0          0          0         84   sqrt.o
         0          0          0          0          0          0   entry.o
         8          4          0          0          0          0   entry2.o
         4          0          0          0          0          0   entry5.o
         0          0          0          0          0          0   entry7b.o
         8          4          0          0          0          0   entry8.o
        12          6          0          4          0         68   errno.o
        30          0          0          0          0          0   handlers.o
        36          8          0          0          0         68   init.o
         0          0          0          0          0          0   iusefp.o
        30          0          0          0          0         68   llshl.o
        36          0          0          0          0         68   llsshr.o
        32          0          0          0          0         68   llushr.o
        36          0          0          0          0         68   memcpya.o
        38          0          0          0          0        108   memseta.o
      2254         88          0          0          0        444   printfa.o
         0          0          0          4          0          0   stdout.o
        44          0          0          0          0         80   uidiv.o
        98          0          0          0          0         92   uldiv.o
        40          2          0          0          0         68   cdrcmple.o
        56          0          0          0          0         88   d2f.o
       332          0          0          0          0        148   dadd.o
       222          0          0          0          0        100   ddiv.o
       190          0          0          0          0        176   depilogue.o
        62          0          0          0          0         80   dfixi.o
        48          0          0          0          0         68   dfixul.o
        34          0          0          0          0         76   dflti.o
        26          0          0          0          0         76   dfltui.o
       224          0          0          0          0         96   dmul.o
        46          0          0          0          0         80   dscalb.o
       162          0          0          0          0        100   dsqrt.o
        44          0          0          0          0         68   f2d.o
       176          0          0          0          0        140   fadd.o
       128          0          0          0          0         88   fdiv.o
       108          0          0          0          0        168   fepilogue.o
        50          0          0          0          0         68   ffixi.o
        18          0          0          0          0         68   fflti.o
       108          0          0          0          0         76   fmul.o

    ----------------------------------------------------------------------
      8364        406        528          8          0       4364   Library Totals
        10          0          0          0          0          0   (incl. Padding)

    ----------------------------------------------------------------------

      Code (inc. data)   RO Data    RW Data    ZI Data      Debug   Library Name

      3614        294        528          0          0       1400   m_ws.l
      2666        110          0          8          0       1132   mc_w.l
      2074          2          0          0          0       1832   mf_w.l

    ----------------------------------------------------------------------
      8364        406        528          8          0       4364   Library Totals

    ----------------------------------------------------------------------

==============================================================================


      Code (inc. data)   RO Data    RW Data    ZI Data      Debug   

     24732       1286       1084         60       3540     347097   Grand Totals
     24732       1286       1084         60       3540     347097   ELF Image Totals
     24732       1286       1084         60          0          0   ROM Totals

==============================================================================

    Total RO  Size (Code + RO Data)                25816 (  25.21kB)
    Total RW  Size (RW Data + ZI Data)              3600 (   3.52kB)
    Total ROM Size (Code + RO Data + RW Data)      25876 (  25.27kB)

==============================================================================

